node.exe : FAIL src/components/__tests__/EconomicDataCharts.test.tsx
位於 C:\Program Files\nodejs\npx.ps1:29 字元:3
+   & $NODE_EXE $NPX_CLI_JS $args
+   ~~~~~~~~~~~~~~~~~~~~~~~~~~~~~
    + CategoryInfo          : NotSpecified: (FAIL src/compon...Charts.test.tsx: 
   String) [], RemoteException
    + FullyQualifiedErrorId : NativeCommandError
 
  ??Console

    console.error
      Warning: React does not recognize the `dataKey` prop on a DOM element. If 
you intentionally want it to appear in the DOM as a custom attribute, spell it a
s lowercase `datakey` instead. If you accidentally passed it from a parent compo
nent, remove it from the DOM element.
          at div
          at C:\Users\Penguin8n\CODEX--\frontend\src\components\__tests__\Econom
icDataCharts.test.tsx:17:57
          at div
          at C:\Users\Penguin8n\CODEX--\frontend\src\components\__tests__\Econom
icDataCharts.test.tsx:17:57
          at div
          at C:\Users\Penguin8n\CODEX--\frontend\src\components\__tests__\Econom
icDataCharts.test.tsx:17:57
          at div
          at AdvancedTimeSeries (C:\Users\Penguin8n\CODEX--\frontend\src\compone
nts\EconomicDataCharts.tsx:243:31)
          at div
          at div
          at EconomicDataCharts (C:\Users\Penguin8n\CODEX--\frontend\src\compone
nts\EconomicDataCharts.tsx:338:3)
          at Provider (C:\Users\Penguin8n\CODEX--\frontend\node_modules\react-re
dux\src\components\Provider.tsx:60:11)

    [0m [90m 130 |[39m     useEconomicData[33m.[39mmockReturnValue(createMo
ckEconomicDataResponse())
     [90m 131 |[39m
    [31m[1m>[22m[39m[90m 132 |[39m     [36mreturn[39m render(
     [90m     |[39m                  [31m[1m^[22m[39m
     [90m 133 |[39m       [33m<[39m[33mProvider[39m store[33m=[39m{store
}[33m>[39m
     [90m 134 |[39m         [33m<[39m[33mEconomicDataCharts[39m {[33m...
[39mprops} [33m/[39m[33m>[39m
     [90m 135 |[39m       [33m<[39m[33m/[39m[33mProvider[39m[33m>[39m
[0m

      at printWarning (node_modules/react-dom/cjs/react-dom.development.js:86:30
)
      at error (node_modules/react-dom/cjs/react-dom.development.js:60:7)
      at validateProperty$1 (node_modules/react-dom/cjs/react-dom.development.js
:3757:7)
      at warnUnknownProperties (node_modules/react-dom/cjs/react-dom.development
.js:3803:21)
      at validateProperties$2 (node_modules/react-dom/cjs/react-dom.development.
js:3827:3)
      at validatePropertiesInDevelopment (node_modules/react-dom/cjs/react-dom.d
evelopment.js:9541:5)
      at setInitialProperties (node_modules/react-dom/cjs/react-dom.development.
js:9830:5)
      at finalizeInitialChildren (node_modules/react-dom/cjs/react-dom.developme
nt.js:10950:3)
      at completeWork (node_modules/react-dom/cjs/react-dom.development.js:22232
:17)
      at completeUnitOfWork (node_modules/react-dom/cjs/react-dom.development.js
:26632:16)
      at performUnitOfWork (node_modules/react-dom/cjs/react-dom.development.js:
26607:5)
      at workLoopSync (node_modules/react-dom/cjs/react-dom.development.js:26505
:5)
      at renderRootSync (node_modules/react-dom/cjs/react-dom.development.js:264
73:7)
      at performConcurrentWorkOnRoot (node_modules/react-dom/cjs/react-dom.devel
opment.js:25777:74)
      at flushActQueue (node_modules/react/cjs/react.development.js:2667:24)
      at act (node_modules/react/cjs/react.development.js:2582:11)
      at node_modules/@testing-library/react/dist/act-compat.js:47:25
      at renderRoot (node_modules/@testing-library/react/dist/pure.js:180:26)
      at render (node_modules/@testing-library/react/dist/pure.js:271:10)
      at renderComponent (src/components/__tests__/EconomicDataCharts.test.tsx:1
32:18)
      at Object.<anonymous> (src/components/__tests__/EconomicDataCharts.test.ts
x:141:7)

    console.error
      Warning: React does not recognize the `tickFormatter` prop on a DOM elemen
t. If you intentionally want it to appear in the DOM as a custom attribute, spel
l it as lowercase `tickformatter` instead. If you accidentally passed it from a 
parent component, remove it from the DOM element.
          at div
          at C:\Users\Penguin8n\CODEX--\frontend\src\components\__tests__\Econom
icDataCharts.test.tsx:17:57
          at div
          at C:\Users\Penguin8n\CODEX--\frontend\src\components\__tests__\Econom
icDataCharts.test.tsx:17:57
          at div
          at C:\Users\Penguin8n\CODEX--\frontend\src\components\__tests__\Econom
icDataCharts.test.tsx:17:57
          at div
          at AdvancedTimeSeries (C:\Users\Penguin8n\CODEX--\frontend\src\compone
nts\EconomicDataCharts.tsx:243:31)
          at div
          at div
          at EconomicDataCharts (C:\Users\Penguin8n\CODEX--\frontend\src\compone
nts\EconomicDataCharts.tsx:338:3)
          at Provider (C:\Users\Penguin8n\CODEX--\frontend\node_modules\react-re
dux\src\components\Provider.tsx:60:11)

    [0m [90m 130 |[39m     useEconomicData[33m.[39mmockReturnValue(createMo
ckEconomicDataResponse())
     [90m 131 |[39m
    [31m[1m>[22m[39m[90m 132 |[39m     [36mreturn[39m render(
     [90m     |[39m                  [31m[1m^[22m[39m
     [90m 133 |[39m       [33m<[39m[33mProvider[39m store[33m=[39m{store
}[33m>[39m
     [90m 134 |[39m         [33m<[39m[33mEconomicDataCharts[39m {[33m...
[39mprops} [33m/[39m[33m>[39m
     [90m 135 |[39m       [33m<[39m[33m/[39m[33mProvider[39m[33m>[39m
[0m

      at printWarning (node_modules/react-dom/cjs/react-dom.development.js:86:30
)
      at error (node_modules/react-dom/cjs/react-dom.development.js:60:7)
      at validateProperty$1 (node_modules/react-dom/cjs/react-dom.development.js
:3757:7)
      at warnUnknownProperties (node_modules/react-dom/cjs/react-dom.development
.js:3803:21)
      at validateProperties$2 (node_modules/react-dom/cjs/react-dom.development.
js:3827:3)
      at validatePropertiesInDevelopment (node_modules/react-dom/cjs/react-dom.d
evelopment.js:9541:5)
      at setInitialProperties (node_modules/react-dom/cjs/react-dom.development.
js:9830:5)
      at finalizeInitialChildren (node_modules/react-dom/cjs/react-dom.developme
nt.js:10950:3)
      at completeWork (node_modules/react-dom/cjs/react-dom.development.js:22232
:17)
      at completeUnitOfWork (node_modules/react-dom/cjs/react-dom.development.js
:26632:16)
      at performUnitOfWork (node_modules/react-dom/cjs/react-dom.development.js:
26607:5)
      at workLoopSync (node_modules/react-dom/cjs/react-dom.development.js:26505
:5)
      at renderRootSync (node_modules/react-dom/cjs/react-dom.development.js:264
73:7)
      at performConcurrentWorkOnRoot (node_modules/react-dom/cjs/react-dom.devel
opment.js:25777:74)
      at flushActQueue (node_modules/react/cjs/react.development.js:2667:24)
      at act (node_modules/react/cjs/react.development.js:2582:11)
      at node_modules/@testing-library/react/dist/act-compat.js:47:25
      at renderRoot (node_modules/@testing-library/react/dist/pure.js:180:26)
      at render (node_modules/@testing-library/react/dist/pure.js:271:10)
      at renderComponent (src/components/__tests__/EconomicDataCharts.test.tsx:1
32:18)
      at Object.<anonymous> (src/components/__tests__/EconomicDataCharts.test.ts
x:141:7)

    console.error
      Warning: Invalid value for prop `content` on <div> tag. Either remove it f
rom the element, or pass a string or number value to keep it in the DOM. For det
ails, see https://reactjs.org/link/attribute-behavior 
          at div
          at C:\Users\Penguin8n\CODEX--\frontend\src\components\__tests__\Econom
icDataCharts.test.tsx:17:57
          at div
          at C:\Users\Penguin8n\CODEX--\frontend\src\components\__tests__\Econom
icDataCharts.test.tsx:17:57
          at div
          at C:\Users\Penguin8n\CODEX--\frontend\src\components\__tests__\Econom
icDataCharts.test.tsx:17:57
          at div
          at AdvancedTimeSeries (C:\Users\Penguin8n\CODEX--\frontend\src\compone
nts\EconomicDataCharts.tsx:243:31)
          at div
          at div
          at EconomicDataCharts (C:\Users\Penguin8n\CODEX--\frontend\src\compone
nts\EconomicDataCharts.tsx:338:3)
          at Provider (C:\Users\Penguin8n\CODEX--\frontend\node_modules\react-re
dux\src\components\Provider.tsx:60:11)

    [0m [90m 130 |[39m     useEconomicData[33m.[39mmockReturnValue(createMo
ckEconomicDataResponse())
     [90m 131 |[39m
    [31m[1m>[22m[39m[90m 132 |[39m     [36mreturn[39m render(
     [90m     |[39m                  [31m[1m^[22m[39m
     [90m 133 |[39m       [33m<[39m[33mProvider[39m store[33m=[39m{store
}[33m>[39m
     [90m 134 |[39m         [33m<[39m[33mEconomicDataCharts[39m {[33m...
[39mprops} [33m/[39m[33m>[39m
     [90m 135 |[39m       [33m<[39m[33m/[39m[33mProvider[39m[33m>[39m
[0m

      at printWarning (node_modules/react-dom/cjs/react-dom.development.js:86:30
)
      at error (node_modules/react-dom/cjs/react-dom.development.js:60:7)
      at warnUnknownProperties (node_modules/react-dom/cjs/react-dom.development
.js:3815:7)
      at validateProperties$2 (node_modules/react-dom/cjs/react-dom.development.
js:3827:3)
      at validatePropertiesInDevelopment (node_modules/react-dom/cjs/react-dom.d
evelopment.js:9541:5)
      at setInitialProperties (node_modules/react-dom/cjs/react-dom.development.
js:9830:5)
      at finalizeInitialChildren (node_modules/react-dom/cjs/react-dom.developme
nt.js:10950:3)
      at completeWork (node_modules/react-dom/cjs/react-dom.development.js:22232
:17)
      at completeUnitOfWork (node_modules/react-dom/cjs/react-dom.development.js
:26632:16)
      at performUnitOfWork (node_modules/react-dom/cjs/react-dom.development.js:
26607:5)
      at workLoopSync (node_modules/react-dom/cjs/react-dom.development.js:26505
:5)
      at renderRootSync (node_modules/react-dom/cjs/react-dom.development.js:264
73:7)
      at performConcurrentWorkOnRoot (node_modules/react-dom/cjs/react-dom.devel
opment.js:25777:74)
      at flushActQueue (node_modules/react/cjs/react.development.js:2667:24)
      at act (node_modules/react/cjs/react.development.js:2582:11)
      at node_modules/@testing-library/react/dist/act-compat.js:47:25
      at renderRoot (node_modules/@testing-library/react/dist/pure.js:180:26)
      at render (node_modules/@testing-library/react/dist/pure.js:271:10)
      at renderComponent (src/components/__tests__/EconomicDataCharts.test.tsx:1
32:18)
      at Object.<anonymous> (src/components/__tests__/EconomicDataCharts.test.ts
x:141:7)

    console.error
      Warning: Received `false` for a non-boolean attribute `dot`.
      
      If you want to write it to the DOM, pass a string instead: dot="false" or 
dot={value.toString()}.
      
      If you used to conditionally omit it with dot={condition && value}, pass d
ot={condition ? value : undefined} instead.
          at div
          at C:\Users\Penguin8n\CODEX--\frontend\src\components\__tests__\Econom
icDataCharts.test.tsx:17:57
          at div
          at C:\Users\Penguin8n\CODEX--\frontend\src\components\__tests__\Econom
icDataCharts.test.tsx:17:57
          at div
          at C:\Users\Penguin8n\CODEX--\frontend\src\components\__tests__\Econom
icDataCharts.test.tsx:17:57
          at div
          at AdvancedTimeSeries (C:\Users\Penguin8n\CODEX--\frontend\src\compone
nts\EconomicDataCharts.tsx:243:31)
          at div
          at div
          at EconomicDataCharts (C:\Users\Penguin8n\CODEX--\frontend\src\compone
nts\EconomicDataCharts.tsx:338:3)
          at Provider (C:\Users\Penguin8n\CODEX--\frontend\node_modules\react-re
dux\src\components\Provider.tsx:60:11)

    [0m [90m 130 |[39m     useEconomicData[33m.[39mmockReturnValue(createMo
ckEconomicDataResponse())
     [90m 131 |[39m
    [31m[1m>[22m[39m[90m 132 |[39m     [36mreturn[39m render(
     [90m     |[39m                  [31m[1m^[22m[39m
     [90m 133 |[39m       [33m<[39m[33mProvider[39m store[33m=[39m{store
}[33m>[39m
     [90m 134 |[39m         [33m<[39m[33mEconomicDataCharts[39m {[33m...
[39mprops} [33m/[39m[33m>[39m
     [90m 135 |[39m       [33m<[39m[33m/[39m[33mProvider[39m[33m>[39m
[0m

      at printWarning (node_modules/react-dom/cjs/react-dom.development.js:86:30
)
      at error (node_modules/react-dom/cjs/react-dom.development.js:60:7)
      at validateProperty$1 (node_modules/react-dom/cjs/react-dom.development.js
:3767:9)
      at warnUnknownProperties (node_modules/react-dom/cjs/react-dom.development
.js:3803:21)
      at validateProperties$2 (node_modules/react-dom/cjs/react-dom.development.
js:3827:3)
      at validatePropertiesInDevelopment (node_modules/react-dom/cjs/react-dom.d
evelopment.js:9541:5)
      at setInitialProperties (node_modules/react-dom/cjs/react-dom.development.
js:9830:5)
      at finalizeInitialChildren (node_modules/react-dom/cjs/react-dom.developme
nt.js:10950:3)
      at completeWork (node_modules/react-dom/cjs/react-dom.development.js:22232
:17)
      at completeUnitOfWork (node_modules/react-dom/cjs/react-dom.development.js
:26632:16)
      at performUnitOfWork (node_modules/react-dom/cjs/react-dom.development.js:
26607:5)
      at workLoopSync (node_modules/react-dom/cjs/react-dom.development.js:26505
:5)
      at renderRootSync (node_modules/react-dom/cjs/react-dom.development.js:264
73:7)
      at performConcurrentWorkOnRoot (node_modules/react-dom/cjs/react-dom.devel
opment.js:25777:74)
      at flushActQueue (node_modules/react/cjs/react.development.js:2667:24)
      at act (node_modules/react/cjs/react.development.js:2582:11)
      at node_modules/@testing-library/react/dist/act-compat.js:47:25
      at renderRoot (node_modules/@testing-library/react/dist/pure.js:180:26)
      at render (node_modules/@testing-library/react/dist/pure.js:271:10)
      at renderComponent (src/components/__tests__/EconomicDataCharts.test.tsx:1
32:18)
      at Object.<anonymous> (src/components/__tests__/EconomicDataCharts.test.ts
x:141:7)

    console.error
      Warning: React does not recognize the `connectNulls` prop on a DOM element
. If you intentionally want it to appear in the DOM as a custom attribute, spell
 it as lowercase `connectnulls` instead. If you accidentally passed it from a pa
rent component, remove it from the DOM element.
          at div
          at C:\Users\Penguin8n\CODEX--\frontend\src\components\__tests__\Econom
icDataCharts.test.tsx:17:57
          at div
          at C:\Users\Penguin8n\CODEX--\frontend\src\components\__tests__\Econom
icDataCharts.test.tsx:17:57
          at div
          at C:\Users\Penguin8n\CODEX--\frontend\src\components\__tests__\Econom
icDataCharts.test.tsx:17:57
          at div
          at AdvancedTimeSeries (C:\Users\Penguin8n\CODEX--\frontend\src\compone
nts\EconomicDataCharts.tsx:243:31)
          at div
          at div
          at EconomicDataCharts (C:\Users\Penguin8n\CODEX--\frontend\src\compone
nts\EconomicDataCharts.tsx:338:3)
          at Provider (C:\Users\Penguin8n\CODEX--\frontend\node_modules\react-re
dux\src\components\Provider.tsx:60:11)

    [0m [90m 130 |[39m     useEconomicData[33m.[39mmockReturnValue(createMo
ckEconomicDataResponse())
     [90m 131 |[39m
    [31m[1m>[22m[39m[90m 132 |[39m     [36mreturn[39m render(
     [90m     |[39m                  [31m[1m^[22m[39m
     [90m 133 |[39m       [33m<[39m[33mProvider[39m store[33m=[39m{store
}[33m>[39m
     [90m 134 |[39m         [33m<[39m[33mEconomicDataCharts[39m {[33m...
[39mprops} [33m/[39m[33m>[39m
     [90m 135 |[39m       [33m<[39m[33m/[39m[33mProvider[39m[33m>[39m
[0m

      at printWarning (node_modules/react-dom/cjs/react-dom.development.js:86:30
)
      at error (node_modules/react-dom/cjs/react-dom.development.js:60:7)
      at validateProperty$1 (node_modules/react-dom/cjs/react-dom.development.js
:3757:7)
      at warnUnknownProperties (node_modules/react-dom/cjs/react-dom.development
.js:3803:21)
      at validateProperties$2 (node_modules/react-dom/cjs/react-dom.development.
js:3827:3)
      at validatePropertiesInDevelopment (node_modules/react-dom/cjs/react-dom.d
evelopment.js:9541:5)
      at setInitialProperties (node_modules/react-dom/cjs/react-dom.development.
js:9830:5)
      at finalizeInitialChildren (node_modules/react-dom/cjs/react-dom.developme
nt.js:10950:3)
      at completeWork (node_modules/react-dom/cjs/react-dom.development.js:22232
:17)
      at completeUnitOfWork (node_modules/react-dom/cjs/react-dom.development.js
:26632:16)
      at performUnitOfWork (node_modules/react-dom/cjs/react-dom.development.js:
26607:5)
      at workLoopSync (node_modules/react-dom/cjs/react-dom.development.js:26505
:5)
      at renderRootSync (node_modules/react-dom/cjs/react-dom.development.js:264
73:7)
      at performConcurrentWorkOnRoot (node_modules/react-dom/cjs/react-dom.devel
opment.js:25777:74)
      at flushActQueue (node_modules/react/cjs/react.development.js:2667:24)
      at act (node_modules/react/cjs/react.development.js:2582:11)
      at node_modules/@testing-library/react/dist/act-compat.js:47:25
      at renderRoot (node_modules/@testing-library/react/dist/pure.js:180:26)
      at render (node_modules/@testing-library/react/dist/pure.js:271:10)
      at renderComponent (src/components/__tests__/EconomicDataCharts.test.tsx:1
32:18)
      at Object.<anonymous> (src/components/__tests__/EconomicDataCharts.test.ts
x:141:7)

    console.error
      Warning: React does not recognize the `labelPosition` prop on a DOM elemen
t. If you intentionally want it to appear in the DOM as a custom attribute, spel
l it as lowercase `labelposition` instead. If you accidentally passed it from a 
parent component, remove it from the DOM element.
          at div
          at C:\Users\Penguin8n\CODEX--\frontend\src\components\__tests__\Econom
icDataCharts.test.tsx:17:57
          at div
          at C:\Users\Penguin8n\CODEX--\frontend\src\components\__tests__\Econom
icDataCharts.test.tsx:17:57
          at div
          at C:\Users\Penguin8n\CODEX--\frontend\src\components\__tests__\Econom
icDataCharts.test.tsx:17:57
          at div
          at AdvancedTimeSeries (C:\Users\Penguin8n\CODEX--\frontend\src\compone
nts\EconomicDataCharts.tsx:243:31)
          at div
          at div
          at EconomicDataCharts (C:\Users\Penguin8n\CODEX--\frontend\src\compone
nts\EconomicDataCharts.tsx:338:3)
          at Provider (C:\Users\Penguin8n\CODEX--\frontend\node_modules\react-re
dux\src\components\Provider.tsx:60:11)

    [0m [90m 130 |[39m     useEconomicData[33m.[39mmockReturnValue(createMo
ckEconomicDataResponse())
     [90m 131 |[39m
    [31m[1m>[22m[39m[90m 132 |[39m     [36mreturn[39m render(
     [90m     |[39m                  [31m[1m^[22m[39m
     [90m 133 |[39m       [33m<[39m[33mProvider[39m store[33m=[39m{store
}[33m>[39m
     [90m 134 |[39m         [33m<[39m[33mEconomicDataCharts[39m {[33m...
[39mprops} [33m/[39m[33m>[39m
     [90m 135 |[39m       [33m<[39m[33m/[39m[33mProvider[39m[33m>[39m
[0m

      at printWarning (node_modules/react-dom/cjs/react-dom.development.js:86:30
)
      at error (node_modules/react-dom/cjs/react-dom.development.js:60:7)
      at validateProperty$1 (node_modules/react-dom/cjs/react-dom.development.js
:3757:7)
      at warnUnknownProperties (node_modules/react-dom/cjs/react-dom.development
.js:3803:21)
      at validateProperties$2 (node_modules/react-dom/cjs/react-dom.development.
js:3827:3)
      at validatePropertiesInDevelopment (node_modules/react-dom/cjs/react-dom.d
evelopment.js:9541:5)
      at setInitialProperties (node_modules/react-dom/cjs/react-dom.development.
js:9830:5)
      at finalizeInitialChildren (node_modules/react-dom/cjs/react-dom.developme
nt.js:10950:3)
      at completeWork (node_modules/react-dom/cjs/react-dom.development.js:22232
:17)
      at completeUnitOfWork (node_modules/react-dom/cjs/react-dom.development.js
:26632:16)
      at performUnitOfWork (node_modules/react-dom/cjs/react-dom.development.js:
26607:5)
      at workLoopSync (node_modules/react-dom/cjs/react-dom.development.js:26505
:5)
      at renderRootSync (node_modules/react-dom/cjs/react-dom.development.js:264
73:7)
      at performConcurrentWorkOnRoot (node_modules/react-dom/cjs/react-dom.devel
opment.js:25777:74)
      at flushActQueue (node_modules/react/cjs/react.development.js:2667:24)
      at act (node_modules/react/cjs/react.development.js:2582:11)
      at node_modules/@testing-library/react/dist/act-compat.js:47:25
      at renderRoot (node_modules/@testing-library/react/dist/pure.js:180:26)
      at render (node_modules/@testing-library/react/dist/pure.js:271:10)
      at renderComponent (src/components/__tests__/EconomicDataCharts.test.tsx:1
32:18)
      at Object.<anonymous> (src/components/__tests__/EconomicDataCharts.test.ts
x:141:7)

  ??EconomicDataCharts ??Rendering ??renders default time series chart

    TestingLibraryElementError: Unable to find an element by: [data-testid="rech
arts-composed-chart"]

    Ignored nodes: comments, script, style
    [36m<body>[39m
      [36m<div>[39m
        [36m<div[39m
          [33mclass[39m=[32m"space-y-6 "[39m
        [36m>[39m
          [36m<div[39m
            [33mclass[39m=[32m"bg-white rounded-lg shadow-sm border border-gr
ay-200 p-4"[39m
          [36m>[39m
            [36m<div[39m
              [33mclass[39m=[32m"flex flex-wrap gap-2"[39m
            [36m>[39m
              [36m<button[39m
                [33mclass[39m=[32m"px-4 py-2 rounded-md font-medium transitio
n-colors bg-blue-600 text-white"[39m
                [33mtype[39m=[32m"button"[39m
              [36m>[39m
                [0mTime Series[0m
              [36m</button>[39m
              [36m<button[39m
                [33mclass[39m=[32m"px-4 py-2 rounded-md font-medium transitio
n-colors bg-gray-100 text-gray-700 hover:bg-gray-200"[39m
                [33mtype[39m=[32m"button"[39m
              [36m>[39m
                [0mScatter Plot[0m
              [36m</button>[39m
              [36m<button[39m
                [33mclass[39m=[32m"px-4 py-2 rounded-md font-medium transitio
n-colors bg-gray-100 text-gray-700 hover:bg-gray-200"[39m
                [33mtype[39m=[32m"button"[39m
              [36m>[39m
                [0mHeat Map[0m
              [36m</button>[39m
              [36m<button[39m
                [33mclass[39m=[32m"px-4 py-2 rounded-md font-medium transitio
n-colors bg-gray-100 text-gray-700 hover:bg-gray-200"[39m
                [33mtype[39m=[32m"button"[39m
              [36m>[39m
                [0mCorrelation[0m
              [36m</button>[39m
              [36m<button[39m
                [33mclass[39m=[32m"px-4 py-2 rounded-md font-medium transitio
n-colors bg-gray-100 text-gray-700 hover:bg-gray-200"[39m
                [33mtype[39m=[32m"button"[39m
              [36m>[39m
                [0mComparison[0m
              [36m</button>[39m
            [36m</div>[39m
          [36m</div>[39m
          [36m<div[39m
            [33mclass[39m=[32m"bg-white rounded-lg shadow-sm border border-gr
ay-200 p-6"[39m
          [36m>[39m
            [36m<div[39m
              [33mclass[39m=[32m"h-96"[39m
            [36m>[39m
              [36m<div[39m
                [33mdata-testid[39m=[32m"recharts-responsivecontainer"[39m
                [33mheight[39m=[32m"100%"[39m
                [33mwidth[39m=[32m"100%"[39m
              [36m>[39m
                [36m<div[39m
                  [33mdata[39m=[32m"[object Object],[object Object],[object O
bject],[object Object],[object Object],[object Object],[object Object],[object O
bject],[object Object],[object Object]"[39m
                  [33mdata-testid[39m=[32m"recharts-composedchart"[39m
                [36m>[39m
                  [36m<div[39m
                    [33mdata-testid[39m=[32m"recharts-cartesiangrid"[39m
                    [33mstroke[39m=[32m"#E5E7EB"[39m
                    [33mstroke-dasharray[39m=[32m"3 3"[39m
                  [36m/>[39m
                  [36m<div[39m
                    [33mdata-testid[39m=[32m"recharts-xaxis"[39m
                    [33mdatakey[39m=[32m"date"[39m
                    [33mdomain[39m=[32m"dataMin,dataMax"[39m
                    [33mscale[39m=[32m"time"[39m
                    [33mtype[39m=[32m"number"[39m
                  [36m/>[39m
                  [36m<div[39m
                    [33mdata-testid[39m=[32m"recharts-yaxis"[39m
                    [33mdomain[39m=[32m"dataMin - 0.1,dataMax + 0.1"[39m
                    [33mstroke[39m=[32m"#6B7280"[39m
                  [36m/>[39m
                  [36m<div[39m
                    [33mdata-testid[39m=[32m"recharts-tooltip"[39m
                  [36m/>[39m
                  [36m<div[39m
                    [33mdata-testid[39m=[32m"recharts-legend"[39m
                  [36m/>[39m
                  [36m<div[39m
                    [33mdata[39m=[32m"[object Object],[object Object]"[39m
                    [33mdata-testid[39m=[32m"recharts-line"[39m
                    [33mdatakey[39m=[32m"value"[39m
                    [33mname[39m=[32m"HIBOR"[39m
                    [33mstroke[39m=[32m"#3B82F6"[39m
                    [33mstroke-width[39m=[32m"2"[39m
                    [33mtype[39m=[32m"monotone"[39m
                  [36m/>[39m
                  [36m<div[39m
                    [33mdata[39m=[32m"[object Object],[object Object]"[39m
                    [33mdata-testid[39m=[32m"recharts-line"[39m
                    [33mdatakey[39m=[32m"value"[39m
                    [33mname[39m=[32m"GDP"[39m
                    [33mstroke[39m=[32m"#10B981"[39m
                    [33mstroke-width[39m=[32m"2"[39m
                    [33mtype[39m=[32m"monotone"[39m
                  [36m/>[39m
                  [36m<div[39m
                    [33mdata[39m=[32m"[object Object],[object Object]"[39m
                    [33mdata-testid[39m=[32m"recharts-line"[39m
                    [33mdatakey[39m=[32m"value"[39m
                    [33mname[39m=[32m"PMI"[39m
                    [33mstroke[39m=[32m"#F59E0B"[39m
                    [33mstroke-width[39m=[32m"2"[39m
                    [33mtype[39m=[32m"monotone"[39m
                  [36m/>[39m
                  [36m<div[39m
                    [33mdata[39m=[32m"[object Object],[object Object]"[39m
                    [33mdata-testid[39m=[32m"recharts-line"[39m
                    [33mdatakey[39m=[32m"value"[39m
                    [33mname[39m=[32m"VISITORS"[39m
                    [33mstroke[39m=[32m"#8B5CF6"[39m
                    [33mstroke-width[39m=[32m"2"[39m
                    [33mtype[39m=[32m"monotone"[39m
                  [36m/>[39m
                  [36m<div[39m
                    [33mdata[39m=[32m"[object Object],[object Object]"[39m
                    [33mdata-testid[39m=[32m"recharts-line"[39m
                    [33mdatakey[39m=[32m"value"[39m
                    [33mname[39m=[32m"UNEMPLOYMENT"[39m
                    [33mstroke[39m=[32m"#EF4444"[39m
                    [33mstroke-width[39m=[32m"2"[39m
                    [33mtype[39m=[32m"monotone"[39m
                  [36m/>[39m
                  [36m<div[39m
                    [33mdata-testid[39m=[32m"recharts-referenceline"[39m
                    [33mlabel[39m=[32m"BUY - HIBOR"[39m
                    [33mlabelposition[39m=[32m"top"[39m
                    [33mstroke[39m=[32m"#10B981"[39m
                    [33mstroke-dasharray[39m=[32m"5 5"[39m
                    [33mstroke-width[39m=[32m"2"[39m
                    [33mx[39m=[32m"1705276800000"[39m
                  [36m/>[39m
                  [36m<div[39m
                    [33mdata-testid[39m=[32m"recharts-referenceline"[39m
                    [33mlabel[39m=[32m"SELL - PMI"[39m
                    [33mlabelposition[39m=[32m"top"[39m
                    [33mstroke[39m=[32m"#EF4444"[39m
                    [33mstroke-dasharray[39m=[32m"5 5"[39m
                    [33mstroke-width[39m=[32m"2"[39m
                    [33mx[39m=[32m"1706745600000"[39m
                  [36m/>[39m
                  [36m<div[39m
                    [33mdata-testid[39m=[32m"recharts-referenceline"[39m
                    [33mlabel[39m=[32m"BUY - GDP"[39m
                    [33mlabelposition[39m=[32m"top"[39m
                    [33mstroke[39m=[32m"#10B981"[39m
                    [33mstroke-dasharray[39m=[32m"5 5"[39m
                    [33mstroke-width[39m=[32m"2"[39m
                    [33mx[39m=[32m"1709251200000"[39m
                  [36m/>[39m
                [36m</div>[39m
              [36m</div>[39m
            [36m</div>[39m
          [36m</div>[39m
          [36m<div[39m
            [33mclass[39m=[32m"bg-white rounded-lg shadow-sm border border-gr
ay-200 p-4"[39m
          [36m>[39m
            [36m<h4[39m
              [33mclass[39m=[32m"text-sm font-medium text-gray-900 mb-3"[39m
            [36m>[39m
              [0mLegend[0m
            [36m</h4>[39m
            [36m<div[39m
              [33mclass[39m=[32m"flex flex-wrap gap-4"[39m
            [36m>[39m
              [36m<div[39m
                [33mclass[39m=[32m"flex items-center space-x-2"[39m
              [36m>[39m
                [36m<div[39m
                  [33mclass[39m=[32m"w-4 h-4 rounded"[39m
                  [33mstyle[39m=[32m"background-color: rgb(59, 130, 246);"[3
9m
                [36m/>[39m
                [36m<span[39m
                  [33mclass[39m=[32m"text-sm text-gray-700"[39m
                [36m>[39m
                  [0mHIBOR[0m
                [36m</span>[39m
              [36m</div>[39m
              [36m<div[39m
                [33mclass[39m=[32m"flex items-center space-x-2"[39m
              [36m>[39m
                [36m<div[39m
                  [33mclass[39m=[32m"w-4 h-4 rounded"[39m
                  [33mstyle[39m=[32m"background-color: rgb(16, 185, 129);"[3
9m
                [36m/>[39m
                [36m<span[39m
                  [33mclass[39m=[32m"text-sm text-gray-700"[39m
                [36m>[39m
                  [0mGDP[0m
                [36m</span>[39m
              [36m</div>[39m
              [36m<div[39m
                [33mclass[39m=[32m"flex items-center space-x-2"[39m
              [36m>[39m
                [36m<div[39m
                  [33mclass[39m=[32m"w-4 h-4 rounded"[39m
                  [33mstyle[39m=[32m"background-color: rgb(245, 158, 11);"[3
9m
                [36m/>[39m
                [36m<span[39m
                  [33mclass[39m=[32m"text-sm text-gray-700"[39m
                [36m>[39m
                  [0mPMI[0m
                [36m</span>[39m
              [36m</div>[39m
              [36m<div[39m
                [33mclass[39m=[32m"flex items-center space-x-2"[39m
              [36m>[39m
                [36m<div[39m
                  [33mclass[39m=[32m"w-4 h-4 rounded"[39m
                  [33mstyle[39m=[32m"background-color: rgb(139, 92, 246);"[3
9m
                [36m/>[39m
                [36m<span[39m
                  [33mclass[39m=[32m"text-sm text-gray-700"[39m
                [36m>[39m
                  [0mVISITORS[0m
                [36m</span>[39m
              [36m</div>[39m
              [36m<div[39m
                [33mclass[39m=[32m"flex items-center space-x-2"[39m
              [36m>[39m
                [36m<div[39m
                  [33mclass[39m=[32m"w-4 h-4 rounded"[39m
                  [33mstyle[39m=[32m"background-color: rgb(239, 68, 68);"[39
m
                [36m/>[39m
                [36m<span[39m
                  [33mclass[39m=[32m"text-sm text-gray-700"[39m
                [36m>[39m
                  [0mUNEMPLOYMENT[0m
                [36m</span>[39m
              [36m</div>[39m
            [36m</div>[39m
          [36m</div>[39m
        [36m</div>[39m
      [36m</div>[39m
    [36m</body>[39m

    [0m [90m 162 |[39m       renderComponent()
     [90m 163 |[39m
    [31m[1m>[22m[39m[90m 164 |[39m       expect(screen[33m.[39mgetByTest
Id([32m'recharts-composed-chart'[39m))[33m.[39mtoBeInTheDocument()
     [90m     |[39m                     [31m[1m^[22m[39m
     [90m 165 |[39m       expect(screen[33m.[39mgetByTestId([32m'recharts-r
esponsive-container'[39m))[33m.[39mtoBeInTheDocument()
     [90m 166 |[39m     })
     [90m 167 |[39m[0m

      at Object.getElementError (node_modules/@testing-library/react/node_module
s/@testing-library/dom/dist/config.js:37:19)
      at node_modules/@testing-library/react/node_modules/@testing-library/dom/d
ist/query-helpers.js:76:38
      at node_modules/@testing-library/react/node_modules/@testing-library/dom/d
ist/query-helpers.js:52:17
      at node_modules/@testing-library/react/node_modules/@testing-library/dom/d
ist/query-helpers.js:95:19
      at Object.<anonymous> (src/components/__tests__/EconomicDataCharts.test.ts
x:164:21)

  ??EconomicDataCharts ??Chart Types ??renders scatter plot controls when chartT
ype is scatter

    TestingLibraryElementError: Unable to find an element by: [data-testid="rech
arts-scatter-chart"]

    Ignored nodes: comments, script, style
    [36m<body>[39m
      [36m<div>[39m
        [36m<div[39m
          [33mclass[39m=[32m"space-y-6 "[39m
        [36m>[39m
          [36m<div[39m
            [33mclass[39m=[32m"bg-white rounded-lg shadow-sm border border-gr
ay-200 p-4"[39m
          [36m>[39m
            [36m<div[39m
              [33mclass[39m=[32m"flex flex-wrap gap-2"[39m
            [36m>[39m
              [36m<button[39m
                [33mclass[39m=[32m"px-4 py-2 rounded-md font-medium transitio
n-colors bg-gray-100 text-gray-700 hover:bg-gray-200"[39m
                [33mtype[39m=[32m"button"[39m
              [36m>[39m
                [0mTime Series[0m
              [36m</button>[39m
              [36m<button[39m
                [33mclass[39m=[32m"px-4 py-2 rounded-md font-medium transitio
n-colors bg-blue-600 text-white"[39m
                [33mtype[39m=[32m"button"[39m
              [36m>[39m
                [0mScatter Plot[0m
              [36m</button>[39m
              [36m<button[39m
                [33mclass[39m=[32m"px-4 py-2 rounded-md font-medium transitio
n-colors bg-gray-100 text-gray-700 hover:bg-gray-200"[39m
                [33mtype[39m=[32m"button"[39m
              [36m>[39m
                [0mHeat Map[0m
              [36m</button>[39m
              [36m<button[39m
                [33mclass[39m=[32m"px-4 py-2 rounded-md font-medium transitio
n-colors bg-gray-100 text-gray-700 hover:bg-gray-200"[39m
                [33mtype[39m=[32m"button"[39m
              [36m>[39m
                [0mCorrelation[0m
              [36m</button>[39m
              [36m<button[39m
                [33mclass[39m=[32m"px-4 py-2 rounded-md font-medium transitio
n-colors bg-gray-100 text-gray-700 hover:bg-gray-200"[39m
                [33mtype[39m=[32m"button"[39m
              [36m>[39m
                [0mComparison[0m
              [36m</button>[39m
            [36m</div>[39m
          [36m</div>[39m
          [36m<div[39m
            [33mclass[39m=[32m"bg-white rounded-lg shadow-sm border border-gr
ay-200 p-6"[39m
          [36m>[39m
            [36m<div[39m
              [33mclass[39m=[32m"space-y-4"[39m
            [36m>[39m
              [36m<div[39m
                [33mclass[39m=[32m"flex space-x-4 items-center"[39m
              [36m>[39m
                [36m<label[39m
                  [33mclass[39m=[32m"text-sm font-medium text-gray-700"[39m
                [36m>[39m
                  [0mX Axis:[0m
                [36m</label>[39m
                [36m<select[39m
                  [33mclass[39m=[32m"px-3 py-2 border border-gray-300 rounded
-md focus:ring-blue-500 focus:border-blue-500"[39m
                [36m>[39m
                  [36m<option[39m
                    [33mvalue[39m=[32m"hibor"[39m
                  [36m>[39m
                    [0mHIBOR[0m
                  [36m</option>[39m
                  [36m<option[39m
                    [33mvalue[39m=[32m"gdp"[39m
                  [36m>[39m
                    [0mGDP[0m
                  [36m</option>[39m
                  [36m<option[39m
                    [33mvalue[39m=[32m"pmi"[39m
                  [36m>[39m
                    [0mPMI[0m
                  [36m</option>[39m
                  [36m<option[39m
                    [33mvalue[39m=[32m"visitors"[39m
                  [36m>[39m
                    [0mVISITORS[0m
                  [36m</option>[39m
                  [36m<option[39m
                    [33mvalue[39m=[32m"unemployment"[39m
                  [36m>[39m
                    [0mUNEMPLOYMENT[0m
                  [36m</option>[39m
                [36m</select>[39m
                [36m<label[39m
                  [33mclass[39m=[32m"text-sm font-medium text-gray-700"[39m
                [36m>[39m
                  [0mY Axis:[0m
                [36m</label>[39m
                [36m<select[39m
                  [33mclass[39m=[32m"px-3 py-2 border border-gray-300 rounded
-md focus:ring-blue-500 focus:border-blue-500"[39m
                [36m>[39m
                  [36m<option[39m
                    [33mvalue[39m=[32m"hibor"[39m
                  [36m>[39m
                    [0mHIBOR[0m
                  [36m</option>[39m
                  [36m<option[39m
                    [33mvalue[39m=[32m"gdp"[39m
                  [36m>[39m
                    [0mGDP[0m
                  [36m</option>[39m
                  [36m<option[39m
                    [33mvalue[39m=[32m"pmi"[39m
                  [36m>[39m
                    [0mPMI[0m
                  [36m</option>[39m
                  [36m<option[39m
                    [33mvalue[39m=[32m"visitors"[39m
                  [36m>[39m
                    [0mVISITORS[0m
                  [36m</option>[39m
                  [36m<option[39m
                    [33mvalue[39m=[32m"unemployment"[39m
                  [36m>[39m
                    [0mUNEMPLOYMENT[0m
                  [36m</option>[39m
                [36m</select>[39m
              [36m</div>[39m
              [36m<div[39m
                [33mclass[39m=[32m"h-96"[39m
              [36m>[39m
                [36m<div[39m
                  [33mdata-testid[39m=[32m"recharts-responsivecontainer"[39m
                  [33mheight[39m=[32m"100%"[39m
                  [33mwidth[39m=[32m"100%"[39m
                [36m>[39m
                  [36m<div[39m
                    [33mdata[39m=[32m"[object Object],[object Object]"[39m
                    [33mdata-testid[39m=[32m"recharts-scatterchart"[39m
                  [36m>[39m
                    [36m<div[39m
                      [33mdata-testid[39m=[32m"recharts-cartesiangrid"[39m
                      [33mstroke-dasharray[39m=[32m"3 3"[39m
                    [36m/>[39m
                    [36m<div[39m
                      [33mdata-testid[39m=[32m"recharts-xaxis"[39m
                      [33mdatakey[39m=[32m"x"[39m
                      [33mname[39m=[32m"hibor"[39m
                      [33mstroke[39m=[32m"#6B7280"[39m
                      [33mtype[39m=[32m"number"[39m
                    [36m/>[39m
                    [36m<div[39m
                      [33mdata-testid[39m=[32m"recharts-yaxis"[39m
                      [33mdatakey[39m=[32m"y"[39m
                      [33mname[39m=[32m"gdp"[39m
                      [33mstroke[39m=[32m"#6B7280"[39m
                      [33mtype[39m=[32m"number"[39m
                    [36m/>[39m
                    [36m<div[39m
                      [33mcontent[39m=[32m"[object Object]"[39m
                      [33mdata-testid[39m=[32m"recharts-tooltip"[39m
                    [36m/>[39m
                    [36m<div[39m
                      [33mdata-testid[39m=[32m"recharts-scatter"[39m
                      [33mdatakey[39m=[32m"x"[39m
                      [33mfill[39m=[32m"#3B82F6"[39m
                    [36m/>[39m
                  [36m</div>[39m
                [36m</div>[39m
              [36m</div>[39m
            [36m</div>[39m
          [36m</div>[39m
          [36m<div[39m
            [33mclass[39m=[32m"bg-white rounded-lg shadow-sm border border-gr
ay-200 p-4"[39m
          [36m>[39m
            [36m<h4[39m
              [33mclass[39m=[32m"text-sm font-medium text-gray-900 mb-3"[39m
            [36m>[39m
              [0mLegend[0m
            [36m</h4>[39m
            [36m<div[39m
              [33mclass[39m=[32m"flex flex-wrap gap-4"[39m
            [36m>[39m
              [36m<div[39m
                [33mclass[39m=[32m"flex items-center space-x-2"[39m
              [36m>[39m
                [36m<div[39m
                  [33mclass[39m=[32m"w-4 h-4 rounded"[39m
                  [33mstyle[39m=[32m"background-color: rgb(59, 130, 246);"[3
9m
                [36m/>[39m
                [36m<span[39m
                  [33mclass[39m=[32m"text-sm text-gray-700"[39m
                [36m>[39m
                  [0mHIBOR[0m
                [36m</span>[39m
              [36m</div>[39m
              [36m<div[39m
                [33mclass[39m=[32m"flex items-center space-x-2"[39m
              [36m>[39m
                [36m<div[39m
                  [33mclass[39m=[32m"w-4 h-4 rounded"[39m
                  [33mstyle[39m=[32m"background-color: rgb(16, 185, 129);"[3
9m
                [36m/>[39m
                [36m<span[39m
                  [33mclass[39m=[32m"text-sm text-gray-700"[39m
                [36m>[39m
                  [0mGDP[0m
                [36m</span>[39m
              [36m</div>[39m
              [36m<div[39m
                [33mclass[39m=[32m"flex items-center space-x-2"[39m
              [36m>[39m
                [36m<div[39m
                  [33mclass[39m=[32m"w-4 h-4 rounded"[39m
                  [33mstyle[39m=[32m"background-color: rgb(245, 158, 11);"[3
9m
                [36m/>[39m
                [36m<span[39m
                  [33mclass[39m=[32m"text-sm text-gray-700"[39m
                [36m>[39m
                  [0mPMI[0m
                [36m</span>[39m
              [36m</div>[39m
              [36m<div[39m
                [33mclass[39m=[32m"flex items-center space-x-2"[39m
              [36m>[39m
                [36m<div[39m
                  [33mclass[39m=[32m"w-4 h-4 rounded"[39m
                  [33mstyle[39m=[32m"background-color: rgb(139, 92, 246);"[3
9m
                [36m/>[39m
                [36m<span[39m
                  [33mclass[39m=[32m"text-sm text-gray-700"[39m
                [36m>[39m
                  [0mVISITORS[0m
                [36m</span>[39m
              [36m</div>[39m
              [36m<div[39m
                [33mclass[39m=[32m"flex items-center space-x-2"[39m
              [36m>[39m
                [36m<div[39m
                  [33mclass[39m=[32m"w-4 h-4 rounded"[39m
                  [33mstyle[39m=[32m"background-color: rgb(239, 68, 68);"[39
m
                [36m/>[39m
                [36m<span[39m
                  [33mclass[39m=[32m"text-sm text-gray-700"[39m
                [36m>[39m
                  [0mUNEMPLOYMENT[0m
                [36m</span>[39m
              [36m</div>[39m
            [36m</div>[39m
          [36m</div>[39m
        [36m</div>[39m
      [36m</div>[39m
    [36m</body>[39m

    [0m [90m 254 |[39m       expect(screen[33m.[39mgetByText([32m'X Axis:'
[39m))[33m.[39mtoBeInTheDocument()
     [90m 255 |[39m       expect(screen[33m.[39mgetByText([32m'Y Axis:'[39
m))[33m.[39mtoBeInTheDocument()
    [31m[1m>[22m[39m[90m 256 |[39m       expect(screen[33m.[39mgetByTest
Id([32m'recharts-scatter-chart'[39m))[33m.[39mtoBeInTheDocument()
     [90m     |[39m                     [31m[1m^[22m[39m
     [90m 257 |[39m     })
     [90m 258 |[39m
     [90m 259 |[39m     test([32m'renders heatmap when chartType is heatmap'
[39m[33m,[39m () [33m=>[39m {[0m

      at Object.getElementError (node_modules/@testing-library/react/node_module
s/@testing-library/dom/dist/config.js:37:19)
      at node_modules/@testing-library/react/node_modules/@testing-library/dom/d
ist/query-helpers.js:76:38
      at node_modules/@testing-library/react/node_modules/@testing-library/dom/d
ist/query-helpers.js:52:17
      at node_modules/@testing-library/react/node_modules/@testing-library/dom/d
ist/query-helpers.js:95:19
      at Object.<anonymous> (src/components/__tests__/EconomicDataCharts.test.ts
x:256:21)

  ??EconomicDataCharts ??Chart Types ??renders heatmap when chartType is heatmap

    TestingLibraryElementError: Unable to find an element by: [data-testid="rech
arts-bar-chart"]

    Ignored nodes: comments, script, style
    [36m<body>[39m
      [36m<div>[39m
        [36m<div[39m
          [33mclass[39m=[32m"space-y-6 "[39m
        [36m>[39m
          [36m<div[39m
            [33mclass[39m=[32m"bg-white rounded-lg shadow-sm border border-gr
ay-200 p-4"[39m
          [36m>[39m
            [36m<div[39m
              [33mclass[39m=[32m"flex flex-wrap gap-2"[39m
            [36m>[39m
              [36m<button[39m
                [33mclass[39m=[32m"px-4 py-2 rounded-md font-medium transitio
n-colors bg-gray-100 text-gray-700 hover:bg-gray-200"[39m
                [33mtype[39m=[32m"button"[39m
              [36m>[39m
                [0mTime Series[0m
              [36m</button>[39m
              [36m<button[39m
                [33mclass[39m=[32m"px-4 py-2 rounded-md font-medium transitio
n-colors bg-gray-100 text-gray-700 hover:bg-gray-200"[39m
                [33mtype[39m=[32m"button"[39m
              [36m>[39m
                [0mScatter Plot[0m
              [36m</button>[39m
              [36m<button[39m
                [33mclass[39m=[32m"px-4 py-2 rounded-md font-medium transitio
n-colors bg-blue-600 text-white"[39m
                [33mtype[39m=[32m"button"[39m
              [36m>[39m
                [0mHeat Map[0m
              [36m</button>[39m
              [36m<button[39m
                [33mclass[39m=[32m"px-4 py-2 rounded-md font-medium transitio
n-colors bg-gray-100 text-gray-700 hover:bg-gray-200"[39m
                [33mtype[39m=[32m"button"[39m
              [36m>[39m
                [0mCorrelation[0m
              [36m</button>[39m
              [36m<button[39m
                [33mclass[39m=[32m"px-4 py-2 rounded-md font-medium transitio
n-colors bg-gray-100 text-gray-700 hover:bg-gray-200"[39m
                [33mtype[39m=[32m"button"[39m
              [36m>[39m
                [0mComparison[0m
              [36m</button>[39m
            [36m</div>[39m
          [36m</div>[39m
          [36m<div[39m
            [33mclass[39m=[32m"bg-white rounded-lg shadow-sm border border-gr
ay-200 p-6"[39m
          [36m>[39m
            [36m<div[39m
              [33mclass[39m=[32m"h-96"[39m
            [36m>[39m
              [36m<div[39m
                [33mdata-testid[39m=[32m"recharts-responsivecontainer"[39m
                [33mheight[39m=[32m"100%"[39m
                [33mwidth[39m=[32m"100%"[39m
              [36m>[39m
                [36m<div[39m
                  [33mdata[39m=[32m"[object Object],[object Object],[object O
bject],[object Object],[object Object]"[39m
                  [33mdata-testid[39m=[32m"recharts-barchart"[39m
                  [33mlayout[39m=[32m"horizontal"[39m
                [36m>[39m
                  [36m<div[39m
                    [33mdata-testid[39m=[32m"recharts-cartesiangrid"[39m
                    [33mstroke[39m=[32m"#E5E7EB"[39m
                    [33mstroke-dasharray[39m=[32m"3 3"[39m
                  [36m/>[39m
                  [36m<div[39m
                    [33mdata-testid[39m=[32m"recharts-xaxis"[39m
                    [33mstroke[39m=[32m"#6B7280"[39m
                    [33mtype[39m=[32m"number"[39m
                  [36m/>[39m
                  [36m<div[39m
                    [33mdata-testid[39m=[32m"recharts-yaxis"[39m
                    [33mdatakey[39m=[32m"indicator"[39m
                    [33mstroke[39m=[32m"#6B7280"[39m
                    [33mtype[39m=[32m"category"[39m
                  [36m/>[39m
                  [36m<div[39m
                    [33mdata-testid[39m=[32m"recharts-tooltip"[39m
                  [36m/>[39m
                  [36m<div[39m
                    [33mdata-testid[39m=[32m"recharts-bar"[39m
                    [33mdatakey[39m=[32m"value"[39m
                  [36m/>[39m
                [36m</div>[39m
              [36m</div>[39m
            [36m</div>[39m
          [36m</div>[39m
          [36m<div[39m
            [33mclass[39m=[32m"bg-white rounded-lg shadow-sm border border-gr
ay-200 p-4"[39m
          [36m>[39m
            [36m<h4[39m
              [33mclass[39m=[32m"text-sm font-medium text-gray-900 mb-3"[39m
            [36m>[39m
              [0mLegend[0m
            [36m</h4>[39m
            [36m<div[39m
              [33mclass[39m=[32m"flex flex-wrap gap-4"[39m
            [36m>[39m
              [36m<div[39m
                [33mclass[39m=[32m"flex items-center space-x-2"[39m
              [36m>[39m
                [36m<div[39m
                  [33mclass[39m=[32m"w-4 h-4 rounded"[39m
                  [33mstyle[39m=[32m"background-color: rgb(59, 130, 246);"[3
9m
                [36m/>[39m
                [36m<span[39m
                  [33mclass[39m=[32m"text-sm text-gray-700"[39m
                [36m>[39m
                  [0mHIBOR[0m
                [36m</span>[39m
              [36m</div>[39m
              [36m<div[39m
                [33mclass[39m=[32m"flex items-center space-x-2"[39m
              [36m>[39m
                [36m<div[39m
                  [33mclass[39m=[32m"w-4 h-4 rounded"[39m
                  [33mstyle[39m=[32m"background-color: rgb(16, 185, 129);"[3
9m
                [36m/>[39m
                [36m<span[39m
                  [33mclass[39m=[32m"text-sm text-gray-700"[39m
                [36m>[39m
                  [0mGDP[0m
                [36m</span>[39m
              [36m</div>[39m
              [36m<div[39m
                [33mclass[39m=[32m"flex items-center space-x-2"[39m
              [36m>[39m
                [36m<div[39m
                  [33mclass[39m=[32m"w-4 h-4 rounded"[39m
                  [33mstyle[39m=[32m"background-color: rgb(245, 158, 11);"[3
9m
                [36m/>[39m
                [36m<span[39m
                  [33mclass[39m=[32m"text-sm text-gray-700"[39m
                [36m>[39m
                  [0mPMI[0m
                [36m</span>[39m
              [36m</div>[39m
              [36m<div[39m
                [33mclass[39m=[32m"flex items-center space-x-2"[39m
              [36m>[39m
                [36m<div[39m
                  [33mclass[39m=[32m"w-4 h-4 rounded"[39m
                  [33mstyle[39m=[32m"background-color: rgb(139, 92, 246);"[3
9m
                [36m/>[39m
                [36m<span[39m
                  [33mclass[39m=[32m"text-sm text-gray-700"[39m
                [36m>[39m
                  [0mVISITORS[0m
                [36m</span>[39m
              [36m</div>[39m
              [36m<div[39m
                [33mclass[39m=[32m"flex items-center space-x-2"[39m
              [36m>[39m
                [36m<div[39m
                  [33mclass[39m=[32m"w-4 h-4 rounded"[39m
                  [33mstyle[39m=[32m"background-color: rgb(239, 68, 68);"[39
m
                [36m/>[39m
                [36m<span[39m
                  [33mclass[39m=[32m"text-sm text-gray-700"[39m
                [36m>[39m
                  [0mUNEMPLOYMENT[0m
                [36m</span>[39m
              [36m</div>[39m
            [36m</div>[39m
          [36m</div>[39m
        [36m</div>[39m
      [36m</div>[39m
    [36m</body>[39m

    [0m [90m 260 |[39m       renderComponent({ chartType[33m:[39m [32m'hea
tmap'[39m })
     [90m 261 |[39m
    [31m[1m>[22m[39m[90m 262 |[39m       expect(screen[33m.[39mgetByTest
Id([32m'recharts-bar-chart'[39m))[33m.[39mtoBeInTheDocument()
     [90m     |[39m                     [31m[1m^[22m[39m
     [90m 263 |[39m     })
     [90m 264 |[39m
     [90m 265 |[39m     test([32m'renders correlation controls when chartType
 is correlation'[39m[33m,[39m () [33m=>[39m {[0m

      at Object.getElementError (node_modules/@testing-library/react/node_module
s/@testing-library/dom/dist/config.js:37:19)
      at node_modules/@testing-library/react/node_modules/@testing-library/dom/d
ist/query-helpers.js:76:38
      at node_modules/@testing-library/react/node_modules/@testing-library/dom/d
ist/query-helpers.js:52:17
      at node_modules/@testing-library/react/node_modules/@testing-library/dom/d
ist/query-helpers.js:95:19
      at Object.<anonymous> (src/components/__tests__/EconomicDataCharts.test.ts
x:262:21)

  ??EconomicDataCharts ??Chart Types ??renders comparison chart when chartType i
s comparison

    TestingLibraryElementError: Unable to find an element by: [data-testid="rech
arts-line-chart"]

    Ignored nodes: comments, script, style
    [36m<body>[39m
      [36m<div>[39m
        [36m<div[39m
          [33mclass[39m=[32m"space-y-6 "[39m
        [36m>[39m
          [36m<div[39m
            [33mclass[39m=[32m"bg-white rounded-lg shadow-sm border border-gr
ay-200 p-4"[39m
          [36m>[39m
            [36m<div[39m
              [33mclass[39m=[32m"flex flex-wrap gap-2"[39m
            [36m>[39m
              [36m<button[39m
                [33mclass[39m=[32m"px-4 py-2 rounded-md font-medium transitio
n-colors bg-gray-100 text-gray-700 hover:bg-gray-200"[39m
                [33mtype[39m=[32m"button"[39m
              [36m>[39m
                [0mTime Series[0m
              [36m</button>[39m
              [36m<button[39m
                [33mclass[39m=[32m"px-4 py-2 rounded-md font-medium transitio
n-colors bg-gray-100 text-gray-700 hover:bg-gray-200"[39m
                [33mtype[39m=[32m"button"[39m
              [36m>[39m
                [0mScatter Plot[0m
              [36m</button>[39m
              [36m<button[39m
                [33mclass[39m=[32m"px-4 py-2 rounded-md font-medium transitio
n-colors bg-gray-100 text-gray-700 hover:bg-gray-200"[39m
                [33mtype[39m=[32m"button"[39m
              [36m>[39m
                [0mHeat Map[0m
              [36m</button>[39m
              [36m<button[39m
                [33mclass[39m=[32m"px-4 py-2 rounded-md font-medium transitio
n-colors bg-gray-100 text-gray-700 hover:bg-gray-200"[39m
                [33mtype[39m=[32m"button"[39m
              [36m>[39m
                [0mCorrelation[0m
              [36m</button>[39m
              [36m<button[39m
                [33mclass[39m=[32m"px-4 py-2 rounded-md font-medium transitio
n-colors bg-blue-600 text-white"[39m
                [33mtype[39m=[32m"button"[39m
              [36m>[39m
                [0mComparison[0m
              [36m</button>[39m
            [36m</div>[39m
          [36m</div>[39m
          [36m<div[39m
            [33mclass[39m=[32m"bg-white rounded-lg shadow-sm border border-gr
ay-200 p-6"[39m
          [36m>[39m
            [36m<div[39m
              [33mclass[39m=[32m"h-96"[39m
            [36m>[39m
              [36m<div[39m
                [33mdata-testid[39m=[32m"recharts-responsivecontainer"[39m
                [33mheight[39m=[32m"100%"[39m
                [33mwidth[39m=[32m"100%"[39m
              [36m>[39m
                [36m<div[39m
                  [33mdata[39m=[32m"[object Object],[object Object],[object O
bject],[object Object]"[39m
                  [33mdata-testid[39m=[32m"recharts-linechart"[39m
                [36m>[39m
                  [36m<div[39m
                    [33mdata-testid[39m=[32m"recharts-cartesiangrid"[39m
                    [33mstroke[39m=[32m"#E5E7EB"[39m
                    [33mstroke-dasharray[39m=[32m"3 3"[39m
                  [36m/>[39m
                  [36m<div[39m
                    [33mdata-testid[39m=[32m"recharts-xaxis"[39m
                    [33mdatakey[39m=[32m"date"[39m
                    [33mstroke[39m=[32m"#6B7280"[39m
                  [36m/>[39m
                  [36m<div[39m
                    [33mdata-testid[39m=[32m"recharts-yaxis"[39m
                    [33mstroke[39m=[32m"#6B7280"[39m
                  [36m/>[39m
                  [36m<div[39m
                    [33mcontent[39m=[32m"[object Object]"[39m
                    [33mdata-testid[39m=[32m"recharts-tooltip"[39m
                  [36m/>[39m
                  [36m<div[39m
                    [33mdata-testid[39m=[32m"recharts-legend"[39m
                  [36m/>[39m
                  [36m<div[39m
                    [33mdata-testid[39m=[32m"recharts-line"[39m
                    [33mdatakey[39m=[32m"hibor"[39m
                    [33mname[39m=[32m"HIBOR"[39m
                    [33mstroke[39m=[32m"#3B82F6"[39m
                    [33mstroke-width[39m=[32m"2"[39m
                    [33mtype[39m=[32m"monotone"[39m
                  [36m/>[39m
                  [36m<div[39m
                    [33mdata-testid[39m=[32m"recharts-line"[39m
                    [33mdatakey[39m=[32m"gdp"[39m
                    [33mname[39m=[32m"GDP"[39m
                    [33mstroke[39m=[32m"#10B981"[39m
                    [33mstroke-width[39m=[32m"2"[39m
                    [33mtype[39m=[32m"monotone"[39m
                  [36m/>[39m
                  [36m<div[39m
                    [33mdata-testid[39m=[32m"recharts-line"[39m
                    [33mdatakey[39m=[32m"pmi"[39m
                    [33mname[39m=[32m"PMI"[39m
                    [33mstroke[39m=[32m"#F59E0B"[39m
                    [33mstroke-width[39m=[32m"2"[39m
                    [33mtype[39m=[32m"monotone"[39m
                  [36m/>[39m
                  [36m<div[39m
                    [33mdata-testid[39m=[32m"recharts-line"[39m
                    [33mdatakey[39m=[32m"visitors"[39m
                    [33mname[39m=[32m"VISITORS"[39m
                    [33mstroke[39m=[32m"#8B5CF6"[39m
                    [33mstroke-width[39m=[32m"2"[39m
                    [33mtype[39m=[32m"monotone"[39m
                  [36m/>[39m
                  [36m<div[39m
                    [33mdata-testid[39m=[32m"recharts-line"[39m
                    [33mdatakey[39m=[32m"unemployment"[39m
                    [33mname[39m=[32m"UNEMPLOYMENT"[39m
                    [33mstroke[39m=[32m"#EF4444"[39m
                    [33mstroke-width[39m=[32m"2"[39m
                    [33mtype[39m=[32m"monotone"[39m
                  [36m/>[39m
                [36m</div>[39m
              [36m</div>[39m
            [36m</div>[39m
          [36m</div>[39m
          [36m<div[39m
            [33mclass[39m=[32m"bg-white rounded-lg shadow-sm border border-gr
ay-200 p-4"[39m
          [36m>[39m
            [36m<h4[39m
              [33mclass[39m=[32m"text-sm font-medium text-gray-900 mb-3"[39m
            [36m>[39m
              [0mLegend[0m
            [36m</h4>[39m
            [36m<div[39m
              [33mclass[39m=[32m"flex flex-wrap gap-4"[39m
            [36m>[39m
              [36m<div[39m
                [33mclass[39m=[32m"flex items-center space-x-2"[39m
              [36m>[39m
                [36m<div[39m
                  [33mclass[39m=[32m"w-4 h-4 rounded"[39m
                  [33mstyle[39m=[32m"background-color: rgb(59, 130, 246);"[3
9m
                [36m/>[39m
                [36m<span[39m
                  [33mclass[39m=[32m"text-sm text-gray-700"[39m
                [36m>[39m
                  [0mHIBOR[0m
                [36m</span>[39m
              [36m</div>[39m
              [36m<div[39m
                [33mclass[39m=[32m"flex items-center space-x-2"[39m
              [36m>[39m
                [36m<div[39m
                  [33mclass[39m=[32m"w-4 h-4 rounded"[39m
                  [33mstyle[39m=[32m"background-color: rgb(16, 185, 129);"[3
9m
                [36m/>[39m
                [36m<span[39m
                  [33mclass[39m=[32m"text-sm text-gray-700"[39m
                [36m>[39m
                  [0mGDP[0m
                [36m</span>[39m
              [36m</div>[39m
              [36m<div[39m
                [33mclass[39m=[32m"flex items-center space-x-2"[39m
              [36m>[39m
                [36m<div[39m
                  [33mclass[39m=[32m"w-4 h-4 rounded"[39m
                  [33mstyle[39m=[32m"background-color: rgb(245, 158, 11);"[3
9m
                [36m/>[39m
                [36m<span[39m
                  [33mclass[39m=[32m"text-sm text-gray-700"[39m
                [36m>[39m
                  [0mPMI[0m
                [36m</span>[39m
              [36m</div>[39m
              [36m<div[39m
                [33mclass[39m=[32m"flex items-center space-x-2"[39m
              [36m>[39m
                [36m<div[39m
                  [33mclass[39m=[32m"w-4 h-4 rounded"[39m
                  [33mstyle[39m=[32m"background-color: rgb(139, 92, 246);"[3
9m
                [36m/>[39m
                [36m<span[39m
                  [33mclass[39m=[32m"text-sm text-gray-700"[39m
                [36m>[39m
                  [0mVISITORS[0m
                [36m</span>[39m
              [36m</div>[39m
              [36m<div[39m
                [33mclass[39m=[32m"flex items-center space-x-2"[39m
              [36m>[39m
                [36m<div[39m
                  [33mclass[39m=[32m"w-4 h-4 rounded"[39m
                  [33mstyle[39m=[32m"background-color: rgb(239, 68, 68);"[39
m
                [36m/>[39m
                [36m<span[39m
                  [33mclass[39m=[32m"text-sm text-gray-700"[39m
                [36m>[39m
                  [0mUNEMPLOYMENT[0m
                [36m</span>[39m
              [36m</div>[39m
            [36m</div>[39m
          [36m</div>[39m
        [36m</div>[39m
      [36m</div>[39m
    [36m</body>[39m

    [0m [90m 272 |[39m       renderComponent({ chartType[33m:[39m [32m'com
parison'[39m })
     [90m 273 |[39m
    [31m[1m>[22m[39m[90m 274 |[39m       expect(screen[33m.[39mgetByTest
Id([32m'recharts-line-chart'[39m))[33m.[39mtoBeInTheDocument()
     [90m     |[39m                     [31m[1m^[22m[39m
     [90m 275 |[39m     })
     [90m 276 |[39m   })
     [90m 277 |[39m[0m

      at Object.getElementError (node_modules/@testing-library/react/node_module
s/@testing-library/dom/dist/config.js:37:19)
      at node_modules/@testing-library/react/node_modules/@testing-library/dom/d
ist/query-helpers.js:76:38
      at node_modules/@testing-library/react/node_modules/@testing-library/dom/d
ist/query-helpers.js:52:17
      at node_modules/@testing-library/react/node_modules/@testing-library/dom/d
ist/query-helpers.js:95:19
      at Object.<anonymous> (src/components/__tests__/EconomicDataCharts.test.ts
x:274:21)

  ??EconomicDataCharts ??Performance ??does not re-render unnecessarily

    TestingLibraryElementError: Unable to find an element by: [data-testid="rech
arts-composed-chart"]

    Ignored nodes: comments, script, style
    [36m<body>[39m
      [36m<div>[39m
        [36m<div[39m
          [33mclass[39m=[32m"space-y-6 "[39m
        [36m>[39m
          [36m<div[39m
            [33mclass[39m=[32m"bg-white rounded-lg shadow-sm border border-gr
ay-200 p-4"[39m
          [36m>[39m
            [36m<div[39m
              [33mclass[39m=[32m"flex flex-wrap gap-2"[39m
            [36m>[39m
              [36m<button[39m
                [33mclass[39m=[32m"px-4 py-2 rounded-md font-medium transitio
n-colors bg-blue-600 text-white"[39m
                [33mtype[39m=[32m"button"[39m
              [36m>[39m
                [0mTime Series[0m
              [36m</button>[39m
              [36m<button[39m
                [33mclass[39m=[32m"px-4 py-2 rounded-md font-medium transitio
n-colors bg-gray-100 text-gray-700 hover:bg-gray-200"[39m
                [33mtype[39m=[32m"button"[39m
              [36m>[39m
                [0mScatter Plot[0m
              [36m</button>[39m
              [36m<button[39m
                [33mclass[39m=[32m"px-4 py-2 rounded-md font-medium transitio
n-colors bg-gray-100 text-gray-700 hover:bg-gray-200"[39m
                [33mtype[39m=[32m"button"[39m
              [36m>[39m
                [0mHeat Map[0m
              [36m</button>[39m
              [36m<button[39m
                [33mclass[39m=[32m"px-4 py-2 rounded-md font-medium transitio
n-colors bg-gray-100 text-gray-700 hover:bg-gray-200"[39m
                [33mtype[39m=[32m"button"[39m
              [36m>[39m
                [0mCorrelation[0m
              [36m</button>[39m
              [36m<button[39m
                [33mclass[39m=[32m"px-4 py-2 rounded-md font-medium transitio
n-colors bg-gray-100 text-gray-700 hover:bg-gray-200"[39m
                [33mtype[39m=[32m"button"[39m
              [36m>[39m
                [0mComparison[0m
              [36m</button>[39m
            [36m</div>[39m
          [36m</div>[39m
          [36m<div[39m
            [33mclass[39m=[32m"bg-white rounded-lg shadow-sm border border-gr
ay-200 p-6"[39m
          [36m>[39m
            [36m<div[39m
              [33mclass[39m=[32m"h-96"[39m
            [36m>[39m
              [36m<div[39m
                [33mdata-testid[39m=[32m"recharts-responsivecontainer"[39m
                [33mheight[39m=[32m"100%"[39m
                [33mwidth[39m=[32m"100%"[39m
              [36m>[39m
                [36m<div[39m
                  [33mdata[39m=[32m"[object Object],[object Object],[object O
bject],[object Object],[object Object],[object Object],[object Object],[object O
bject],[object Object],[object Object]"[39m
                  [33mdata-testid[39m=[32m"recharts-composedchart"[39m
                [36m>[39m
                  [36m<div[39m
                    [33mdata-testid[39m=[32m"recharts-cartesiangrid"[39m
                    [33mstroke[39m=[32m"#E5E7EB"[39m
                    [33mstroke-dasharray[39m=[32m"3 3"[39m
                  [36m/>[39m
                  [36m<div[39m
                    [33mdata-testid[39m=[32m"recharts-xaxis"[39m
                    [33mdatakey[39m=[32m"date"[39m
                    [33mdomain[39m=[32m"dataMin,dataMax"[39m
                    [33mscale[39m=[32m"time"[39m
                    [33mtype[39m=[32m"number"[39m
                  [36m/>[39m
                  [36m<div[39m
                    [33mdata-testid[39m=[32m"recharts-yaxis"[39m
                    [33mdomain[39m=[32m"dataMin - 0.1,dataMax + 0.1"[39m
                    [33mstroke[39m=[32m"#6B7280"[39m
                  [36m/>[39m
                  [36m<div[39m
                    [33mdata-testid[39m=[32m"recharts-tooltip"[39m
                  [36m/>[39m
                  [36m<div[39m
                    [33mdata-testid[39m=[32m"recharts-legend"[39m
                  [36m/>[39m
                  [36m<div[39m
                    [33mdata[39m=[32m"[object Object],[object Object]"[39m
                    [33mdata-testid[39m=[32m"recharts-line"[39m
                    [33mdatakey[39m=[32m"value"[39m
                    [33mname[39m=[32m"HIBOR"[39m
                    [33mstroke[39m=[32m"#3B82F6"[39m
                    [33mstroke-width[39m=[32m"2"[39m
                    [33mtype[39m=[32m"monotone"[39m
                  [36m/>[39m
                  [36m<div[39m
                    [33mdata[39m=[32m"[object Object],[object Object]"[39m
                    [33mdata-testid[39m=[32m"recharts-line"[39m
                    [33mdatakey[39m=[32m"value"[39m
                    [33mname[39m=[32m"GDP"[39m
                    [33mstroke[39m=[32m"#10B981"[39m
                    [33mstroke-width[39m=[32m"2"[39m
                    [33mtype[39m=[32m"monotone"[39m
                  [36m/>[39m
                  [36m<div[39m
                    [33mdata[39m=[32m"[object Object],[object Object]"[39m
                    [33mdata-testid[39m=[32m"recharts-line"[39m
                    [33mdatakey[39m=[32m"value"[39m
                    [33mname[39m=[32m"PMI"[39m
                    [33mstroke[39m=[32m"#F59E0B"[39m
                    [33mstroke-width[39m=[32m"2"[39m
                    [33mtype[39m=[32m"monotone"[39m
                  [36m/>[39m
                  [36m<div[39m
                    [33mdata[39m=[32m"[object Object],[object Object]"[39m
                    [33mdata-testid[39m=[32m"recharts-line"[39m
                    [33mdatakey[39m=[32m"value"[39m
                    [33mname[39m=[32m"VISITORS"[39m
                    [33mstroke[39m=[32m"#8B5CF6"[39m
                    [33mstroke-width[39m=[32m"2"[39m
                    [33mtype[39m=[32m"monotone"[39m
                  [36m/>[39m
                  [36m<div[39m
                    [33mdata[39m=[32m"[object Object],[object Object]"[39m
                    [33mdata-testid[39m=[32m"recharts-line"[39m
                    [33mdatakey[39m=[32m"value"[39m
                    [33mname[39m=[32m"UNEMPLOYMENT"[39m
                    [33mstroke[39m=[32m"#EF4444"[39m
                    [33mstroke-width[39m=[32m"2"[39m
                    [33mtype[39m=[32m"monotone"[39m
                  [36m/>[39m
                  [36m<div[39m
                    [33mdata-testid[39m=[32m"recharts-referenceline"[39m
                    [33mlabel[39m=[32m"BUY - HIBOR"[39m
                    [33mlabelposition[39m=[32m"top"[39m
                    [33mstroke[39m=[32m"#10B981"[39m
                    [33mstroke-dasharray[39m=[32m"5 5"[39m
                    [33mstroke-width[39m=[32m"2"[39m
                    [33mx[39m=[32m"1705276800000"[39m
                  [36m/>[39m
                  [36m<div[39m
                    [33mdata-testid[39m=[32m"recharts-referenceline"[39m
                    [33mlabel[39m=[32m"SELL - PMI"[39m
                    [33mlabelposition[39m=[32m"top"[39m
                    [33mstroke[39m=[32m"#EF4444"[39m
                    [33mstroke-dasharray[39m=[32m"5 5"[39m
                    [33mstroke-width[39m=[32m"2"[39m
                    [33mx[39m=[32m"1706745600000"[39m
                  [36m/>[39m
                  [36m<div[39m
                    [33mdata-testid[39m=[32m"recharts-referenceline"[39m
                    [33mlabel[39m=[32m"BUY - GDP"[39m
                    [33mlabelposition[39m=[32m"top"[39m
                    [33mstroke[39m=[32m"#10B981"[39m
                    [33mstroke-dasharray[39m=[32m"5 5"[39m
                    [33mstroke-width[39m=[32m"2"[39m
                    [33mx[39m=[32m"1709251200000"[39m
                  [36m/>[39m
                [36m</div>[39m
              [36m</div>[39m
            [36m</div>[39m
          [36m</div>[39m
          [36m<div[39m
            [33mclass[39m=[32m"bg-white rounded-lg shadow-sm border border-gr
ay-200 p-4"[39m
          [36m>[39m
            [36m<h4[39m
              [33mclass[39m=[32m"text-sm font-medium text-gray-900 mb-3"[39m
            [36m>[39m
              [0mLegend[0m
            [36m</h4>[39m
            [36m<div[39m
              [33mclass[39m=[32m"flex flex-wrap gap-4"[39m
            [36m>[39m
              [36m<div[39m
                [33mclass[39m=[32m"flex items-center space-x-2"[39m
              [36m>[39m
                [36m<div[39m
                  [33mclass[39m=[32m"w-4 h-4 rounded"[39m
                  [33mstyle[39m=[32m"background-color: rgb(59, 130, 246);"[3
9m
                [36m/>[39m
                [36m<span[39m
                  [33mclass[39m=[32m"text-sm text-gray-700"[39m
                [36m>[39m
                  [0mHIBOR[0m
                [36m</span>[39m
              [36m</div>[39m
              [36m<div[39m
                [33mclass[39m=[32m"flex items-center space-x-2"[39m
              [36m>[39m
                [36m<div[39m
                  [33mclass[39m=[32m"w-4 h-4 rounded"[39m
                  [33mstyle[39m=[32m"background-color: rgb(16, 185, 129);"[3
9m
                [36m/>[39m
                [36m<span[39m
                  [33mclass[39m=[32m"text-sm text-gray-700"[39m
                [36m>[39m
                  [0mGDP[0m
                [36m</span>[39m
              [36m</div>[39m
              [36m<div[39m
                [33mclass[39m=[32m"flex items-center space-x-2"[39m
              [36m>[39m
                [36m<div[39m
                  [33mclass[39m=[32m"w-4 h-4 rounded"[39m
                  [33mstyle[39m=[32m"background-color: rgb(245, 158, 11);"[3
9m
                [36m/>[39m
                [36m<span[39m
                  [33mclass[39m=[32m"text-sm text-gray-700"[39m
                [36m>[39m
                  [0mPMI[0m
                [36m</span>[39m
              [36m</div>[39m
              [36m<div[39m
                [33mclass[39m=[32m"flex items-center space-x-2"[39m
              [36m>[39m
                [36m<div[39m
                  [33mclass[39m=[32m"w-4 h-4 rounded"[39m
                  [33mstyle[39m=[32m"background-color: rgb(139, 92, 246);"[3
9m
                [36m/>[39m
                [36m<span[39m
                  [33mclass[39m=[32m"text-sm text-gray-700"[39m
                [36m>[39m
                  [0mVISITORS[0m
                [36m</span>[39m
              [36m</div>[39m
              [36m<div[39m
                [33mclass[39m=[32m"flex items-center space-x-2"[39m
              [36m>[39m
                [36m<div[39m
                  [33mclass[39m=[32m"w-4 h-4 rounded"[39m
                  [33mstyle[39m=[32m"background-color: rgb(239, 68, 68);"[39
m
                [36m/>[39m
                [36m<span[39m
                  [33mclass[39m=[32m"text-sm text-gray-700"[39m
                [36m>[39m
                  [0mUNEMPLOYMENT[0m
                [36m</span>[39m
              [36m</div>[39m
            [36m</div>[39m
          [36m</div>[39m
        [36m</div>[39m
      [36m</div>[39m
    [36m</body>[39m

    [0m [90m 424 |[39m
     [90m 425 |[39m       [90m// Component should still be present and functi
onal[39m
    [31m[1m>[22m[39m[90m 426 |[39m       expect(screen[33m.[39mgetByTest
Id([32m'recharts-composed-chart'[39m))[33m.[39mtoBeInTheDocument()
     [90m     |[39m                     [31m[1m^[22m[39m
     [90m 427 |[39m     })
     [90m 428 |[39m   })
     [90m 429 |[39m[0m

      at Object.getElementError (node_modules/@testing-library/react/node_module
s/@testing-library/dom/dist/config.js:37:19)
      at node_modules/@testing-library/react/node_modules/@testing-library/dom/d
ist/query-helpers.js:76:38
      at node_modules/@testing-library/react/node_modules/@testing-library/dom/d
ist/query-helpers.js:52:17
      at node_modules/@testing-library/react/node_modules/@testing-library/dom/d
ist/query-helpers.js:95:19
      at Object.<anonymous> (src/components/__tests__/EconomicDataCharts.test.ts
x:426:21)

  ??EconomicDataCharts ??Integration ??integrates with useEconomicData hook prop
erly

    TestingLibraryElementError: Unable to find an element by: [data-testid="rech
arts-composed-chart"]

    Ignored nodes: comments, script, style
    [36m<body>[39m
      [36m<div>[39m
        [36m<div[39m
          [33mclass[39m=[32m"space-y-6 "[39m
        [36m>[39m
          [36m<div[39m
            [33mclass[39m=[32m"bg-white rounded-lg shadow-sm border border-gr
ay-200 p-4"[39m
          [36m>[39m
            [36m<div[39m
              [33mclass[39m=[32m"flex flex-wrap gap-2"[39m
            [36m>[39m
              [36m<button[39m
                [33mclass[39m=[32m"px-4 py-2 rounded-md font-medium transitio
n-colors bg-blue-600 text-white"[39m
                [33mtype[39m=[32m"button"[39m
              [36m>[39m
                [0mTime Series[0m
              [36m</button>[39m
              [36m<button[39m
                [33mclass[39m=[32m"px-4 py-2 rounded-md font-medium transitio
n-colors bg-gray-100 text-gray-700 hover:bg-gray-200"[39m
                [33mtype[39m=[32m"button"[39m
              [36m>[39m
                [0mScatter Plot[0m
              [36m</button>[39m
              [36m<button[39m
                [33mclass[39m=[32m"px-4 py-2 rounded-md font-medium transitio
n-colors bg-gray-100 text-gray-700 hover:bg-gray-200"[39m
                [33mtype[39m=[32m"button"[39m
              [36m>[39m
                [0mHeat Map[0m
              [36m</button>[39m
              [36m<button[39m
                [33mclass[39m=[32m"px-4 py-2 rounded-md font-medium transitio
n-colors bg-gray-100 text-gray-700 hover:bg-gray-200"[39m
                [33mtype[39m=[32m"button"[39m
              [36m>[39m
                [0mCorrelation[0m
              [36m</button>[39m
              [36m<button[39m
                [33mclass[39m=[32m"px-4 py-2 rounded-md font-medium transitio
n-colors bg-gray-100 text-gray-700 hover:bg-gray-200"[39m
                [33mtype[39m=[32m"button"[39m
              [36m>[39m
                [0mComparison[0m
              [36m</button>[39m
            [36m</div>[39m
          [36m</div>[39m
          [36m<div[39m
            [33mclass[39m=[32m"bg-white rounded-lg shadow-sm border border-gr
ay-200 p-6"[39m
          [36m>[39m
            [36m<div[39m
              [33mclass[39m=[32m"h-96"[39m
            [36m>[39m
              [36m<div[39m
                [33mdata-testid[39m=[32m"recharts-responsivecontainer"[39m
                [33mheight[39m=[32m"100%"[39m
                [33mwidth[39m=[32m"100%"[39m
              [36m>[39m
                [36m<div[39m
                  [33mdata[39m=[32m"[object Object],[object Object],[object O
bject],[object Object],[object Object],[object Object],[object Object],[object O
bject],[object Object],[object Object]"[39m
                  [33mdata-testid[39m=[32m"recharts-composedchart"[39m
                [36m>[39m
                  [36m<div[39m
                    [33mdata-testid[39m=[32m"recharts-cartesiangrid"[39m
                    [33mstroke[39m=[32m"#E5E7EB"[39m
                    [33mstroke-dasharray[39m=[32m"3 3"[39m
                  [36m/>[39m
                  [36m<div[39m
                    [33mdata-testid[39m=[32m"recharts-xaxis"[39m
                    [33mdatakey[39m=[32m"date"[39m
                    [33mdomain[39m=[32m"dataMin,dataMax"[39m
                    [33mscale[39m=[32m"time"[39m
                    [33mtype[39m=[32m"number"[39m
                  [36m/>[39m
                  [36m<div[39m
                    [33mdata-testid[39m=[32m"recharts-yaxis"[39m
                    [33mdomain[39m=[32m"dataMin - 0.1,dataMax + 0.1"[39m
                    [33mstroke[39m=[32m"#6B7280"[39m
                  [36m/>[39m
                  [36m<div[39m
                    [33mdata-testid[39m=[32m"recharts-tooltip"[39m
                  [36m/>[39m
                  [36m<div[39m
                    [33mdata-testid[39m=[32m"recharts-legend"[39m
                  [36m/>[39m
                  [36m<div[39m
                    [33mdata[39m=[32m"[object Object],[object Object]"[39m
                    [33mdata-testid[39m=[32m"recharts-line"[39m
                    [33mdatakey[39m=[32m"value"[39m
                    [33mname[39m=[32m"HIBOR"[39m
                    [33mstroke[39m=[32m"#3B82F6"[39m
                    [33mstroke-width[39m=[32m"2"[39m
                    [33mtype[39m=[32m"monotone"[39m
                  [36m/>[39m
                  [36m<div[39m
                    [33mdata[39m=[32m"[object Object],[object Object]"[39m
                    [33mdata-testid[39m=[32m"recharts-line"[39m
                    [33mdatakey[39m=[32m"value"[39m
                    [33mname[39m=[32m"GDP"[39m
                    [33mstroke[39m=[32m"#10B981"[39m
                    [33mstroke-width[39m=[32m"2"[39m
                    [33mtype[39m=[32m"monotone"[39m
                  [36m/>[39m
                  [36m<div[39m
                    [33mdata[39m=[32m"[object Object],[object Object]"[39m
                    [33mdata-testid[39m=[32m"recharts-line"[39m
                    [33mdatakey[39m=[32m"value"[39m
                    [33mname[39m=[32m"PMI"[39m
                    [33mstroke[39m=[32m"#F59E0B"[39m
                    [33mstroke-width[39m=[32m"2"[39m
                    [33mtype[39m=[32m"monotone"[39m
                  [36m/>[39m
                  [36m<div[39m
                    [33mdata[39m=[32m"[object Object],[object Object]"[39m
                    [33mdata-testid[39m=[32m"recharts-line"[39m
                    [33mdatakey[39m=[32m"value"[39m
                    [33mname[39m=[32m"VISITORS"[39m
                    [33mstroke[39m=[32m"#8B5CF6"[39m
                    [33mstroke-width[39m=[32m"2"[39m
                    [33mtype[39m=[32m"monotone"[39m
                  [36m/>[39m
                  [36m<div[39m
                    [33mdata[39m=[32m"[object Object],[object Object]"[39m
                    [33mdata-testid[39m=[32m"recharts-line"[39m
                    [33mdatakey[39m=[32m"value"[39m
                    [33mname[39m=[32m"UNEMPLOYMENT"[39m
                    [33mstroke[39m=[32m"#EF4444"[39m
                    [33mstroke-width[39m=[32m"2"[39m
                    [33mtype[39m=[32m"monotone"[39m
                  [36m/>[39m
                  [36m<div[39m
                    [33mdata-testid[39m=[32m"recharts-referenceline"[39m
                    [33mlabel[39m=[32m"BUY - HIBOR"[39m
                    [33mlabelposition[39m=[32m"top"[39m
                    [33mstroke[39m=[32m"#10B981"[39m
                    [33mstroke-dasharray[39m=[32m"5 5"[39m
                    [33mstroke-width[39m=[32m"2"[39m
                    [33mx[39m=[32m"1705276800000"[39m
                  [36m/>[39m
                  [36m<div[39m
                    [33mdata-testid[39m=[32m"recharts-referenceline"[39m
                    [33mlabel[39m=[32m"SELL - PMI"[39m
                    [33mlabelposition[39m=[32m"top"[39m
                    [33mstroke[39m=[32m"#EF4444"[39m
                    [33mstroke-dasharray[39m=[32m"5 5"[39m
                    [33mstroke-width[39m=[32m"2"[39m
                    [33mx[39m=[32m"1706745600000"[39m
                  [36m/>[39m
                  [36m<div[39m
                    [33mdata-testid[39m=[32m"recharts-referenceline"[39m
                    [33mlabel[39m=[32m"BUY - GDP"[39m
                    [33mlabelposition[39m=[32m"top"[39m
                    [33mstroke[39m=[32m"#10B981"[39m
                    [33mstroke-dasharray[39m=[32m"5 5"[39m
                    [33mstroke-width[39m=[32m"2"[39m
                    [33mx[39m=[32m"1709251200000"[39m
                  [36m/>[39m
                [36m</div>[39m
              [36m</div>[39m
            [36m</div>[39m
          [36m</div>[39m
          [36m<div[39m
            [33mclass[39m=[32m"bg-white rounded-lg shadow-sm border border-gr
ay-200 p-4"[39m
          [36m>[39m
            [36m<h4[39m
              [33mclass[39m=[32m"text-sm font-medium text-gray-900 mb-3"[39m
            [36m>[39m
              [0mLegend[0m
            [36m</h4>[39m
            [36m<div[39m
              [33mclass[39m=[32m"flex flex-wrap gap-4"[39m
            [36m>[39m
              [36m<div[39m
                [33mclass[39m=[32m"flex items-center space-x-2"[39m
              [36m>[39m
                [36m<div[39m
                  [33mclass[39m=[32m"w-4 h-4 rounded"[39m
                  [33mstyle[39m=[32m"background-color: rgb(59, 130, 246);"[3
9m
                [36m/>[39m
                [36m<span[39m
                  [33mclass[39m=[32m"text-sm text-gray-700"[39m
                [36m>[39m
                  [0mHIBOR[0m
                [36m</span>[39m
              [36m</div>[39m
              [36m<div[39m
                [33mclass[39m=[32m"flex items-center space-x-2"[39m
              [36m>[39m
                [36m<div[39m
                  [33mclass[39m=[32m"w-4 h-4 rounded"[39m
                  [33mstyle[39m=[32m"background-color: rgb(16, 185, 129);"[3
9m
                [36m/>[39m
                [36m<span[39m
                  [33mclass[39m=[32m"text-sm text-gray-700"[39m
                [36m>[39m
                  [0mGDP[0m
                [36m</span>[39m
              [36m</div>[39m
              [36m<div[39m
                [33mclass[39m=[32m"flex items-center space-x-2"[39m
              [36m>[39m
                [36m<div[39m
                  [33mclass[39m=[32m"w-4 h-4 rounded"[39m
                  [33mstyle[39m=[32m"background-color: rgb(245, 158, 11);"[3
9m
                [36m/>[39m
                [36m<span[39m
                  [33mclass[39m=[32m"text-sm text-gray-700"[39m
                [36m>[39m
                  [0mPMI[0m
                [36m</span>[39m
              [36m</div>[39m
              [36m<div[39m
                [33mclass[39m=[32m"flex items-center space-x-2"[39m
              [36m>[39m
                [36m<div[39m
                  [33mclass[39m=[32m"w-4 h-4 rounded"[39m
                  [33mstyle[39m=[32m"background-color: rgb(139, 92, 246);"[3
9m
                [36m/>[39m
                [36m<span[39m
                  [33mclass[39m=[32m"text-sm text-gray-700"[39m
                [36m>[39m
                  [0mVISITORS[0m
                [36m</span>[39m
              [36m</div>[39m
              [36m<div[39m
                [33mclass[39m=[32m"flex items-center space-x-2"[39m
              [36m>[39m
                [36m<div[39m
                  [33mclass[39m=[32m"w-4 h-4 rounded"[39m
                  [33mstyle[39m=[32m"background-color: rgb(239, 68, 68);"[39
m
                [36m/>[39m
                [36m<span[39m
                  [33mclass[39m=[32m"text-sm text-gray-700"[39m
                [36m>[39m
                  [0mUNEMPLOYMENT[0m
                [36m</span>[39m
              [36m</div>[39m
            [36m</div>[39m
          [36m</div>[39m
        [36m</div>[39m
      [36m</div>[39m
    [36m</body>[39m

    [0m [90m 485 |[39m
     [90m 486 |[39m       [90m// Verify that hook return values are used[39m
    [31m[1m>[22m[39m[90m 487 |[39m       expect(screen[33m.[39mgetByTest
Id([32m'recharts-composed-chart'[39m))[33m.[39mtoBeInTheDocument()
     [90m     |[39m                     [31m[1m^[22m[39m
     [90m 488 |[39m     })
     [90m 489 |[39m   })
     [90m 490 |[39m })[0m

      at Object.getElementError (node_modules/@testing-library/react/node_module
s/@testing-library/dom/dist/config.js:37:19)
      at node_modules/@testing-library/react/node_modules/@testing-library/dom/d
ist/query-helpers.js:76:38
      at node_modules/@testing-library/react/node_modules/@testing-library/dom/d
ist/query-helpers.js:52:17
      at node_modules/@testing-library/react/node_modules/@testing-library/dom/d
ist/query-helpers.js:95:19
      at Object.<anonymous> (src/components/__tests__/EconomicDataCharts.test.ts
x:487:21)

Test Suites: 1 failed, 1 total
Tests:       6 failed, 23 passed, 29 total
Snapshots:   0 total
Time:        2.852 s, estimated 3 s
Ran all test suites matching src/components/__tests__/EconomicDataCharts.test.ts
x.
