
> cbsc-strategy-management-system@1.0.0 test
> npm run test:unit && npm run test:integration


> cbsc-strategy-management-system@1.0.0 test:unit
> jest tests/unit

node.exe : ??Validation Warning:
位於 C:\Program Files\nodejs\npm.ps1:29 字元:3
+   & $NODE_EXE $NPM_CLI_JS $args
+   ~~~~~~~~~~~~~~~~~~~~~~~~~~~~~
    + CategoryInfo          : NotSpecified: (??Validation Warning::String) [],  
   RemoteException
    + FullyQualifiedErrorId : NativeCommandError
 

  Unknown option "moduleNameMapping" with value {"^@/(.*)$": "<rootDir>/src/$1",
 "^@components/(.*)$": "<rootDir>/src/components/$1", "^@hooks/(.*)$": "<rootDir
>/src/hooks/$1", "^@services/(.*)$": "<rootDir>/src/services/$1", "^@types/(.*)$
": "<rootDir>/src/types/$1", "^@utils/(.*)$": "<rootDir>/src/utils/$1"} was foun
d.
  This is probably a typing mistake. Fixing it will remove this message.

  Configuration Documentation:
  https://jestjs.io/docs/configuration

??Validation Warning:

  Unknown option "moduleNameMapping" with value {"^@/(.*)$": "<rootDir>/src/$1",
 "^@components/(.*)$": "<rootDir>/src/components/$1", "^@hooks/(.*)$": "<rootDir
>/src/hooks/$1", "^@services/(.*)$": "<rootDir>/src/services/$1", "^@types/(.*)$
": "<rootDir>/src/types/$1", "^@utils/(.*)$": "<rootDir>/src/utils/$1"} was foun
d.
  This is probably a typing mistake. Fixing it will remove this message.

  Configuration Documentation:
  https://jestjs.io/docs/configuration

jest-haste-map: duplicate manual mock found: fileMock
  The following files share their name; please delete one of them:
    * <rootDir>\frontend\src\__mocks__\fileMock.js
    * <rootDir>\square-ui\src\test\__mocks__\fileMock.js

FAIL CODEX--/frontend/tests/unit/T063_LayoutCustomization.test.js
  ??Test suite failed to run

    Jest encountered an unexpected token

    Jest failed to parse a file. This happens e.g. when your code or its depende
ncies use non-standard JavaScript syntax, or when Jest is not configured to supp
ort such syntax.

    Out of the box Jest supports Babel, which will be used to transform your fil
es into valid JS based on your Babel configuration.

    By default "node_modules" folder is ignored by transformers.

    Here's what you can do:
     ??If you are trying to use ECMAScript Modules, see https://jestjs.io/docs/e
cmascript-modules for how to enable it.
     ??If you are trying to use TypeScript, see https://jestjs.io/docs/getting-s
tarted#using-typescript
     ??To have some of your "node_modules" files transformed, you can specify a 
custom "transformIgnorePatterns" in your config.
     ??If you need a custom transformation specify a "transform" option in your 
config.
     ??If you simply want to mock your non-JS modules (e.g. binary assets) you c
an stub them out with the "moduleNameMapper" config option.

    You'll find more details and examples of these config options in the docs:
    https://jestjs.io/docs/configuration
    For information about custom transformations, see:
    https://jestjs.io/docs/code-transformation

    Details:

    C:\Users\Penguin8n\CODEX--\CODEX--\frontend\tests\unit\T063_LayoutCustomizat
ion.test.js:6
    import { describe, it, expect, beforeEach, vi } from 'vitest';
    ^^^^^^

    SyntaxError: Cannot use import statement outside a module

      at Runtime.createScriptFromCode (node_modules/jest-runtime/build/index.js:
1505:14)

FAIL CODEX--/frontend/tests/unit/T064_UIPerformance.test.js
  ??Test suite failed to run

    Jest encountered an unexpected token

    Jest failed to parse a file. This happens e.g. when your code or its depende
ncies use non-standard JavaScript syntax, or when Jest is not configured to supp
ort such syntax.

    Out of the box Jest supports Babel, which will be used to transform your fil
es into valid JS based on your Babel configuration.

    By default "node_modules" folder is ignored by transformers.

    Here's what you can do:
     ??If you are trying to use ECMAScript Modules, see https://jestjs.io/docs/e
cmascript-modules for how to enable it.
     ??If you are trying to use TypeScript, see https://jestjs.io/docs/getting-s
tarted#using-typescript
     ??To have some of your "node_modules" files transformed, you can specify a 
custom "transformIgnorePatterns" in your config.
     ??If you need a custom transformation specify a "transform" option in your 
config.
     ??If you simply want to mock your non-JS modules (e.g. binary assets) you c
an stub them out with the "moduleNameMapper" config option.

    You'll find more details and examples of these config options in the docs:
    https://jestjs.io/docs/configuration
    For information about custom transformations, see:
    https://jestjs.io/docs/code-transformation

    Details:

    C:\Users\Penguin8n\CODEX--\CODEX--\frontend\tests\unit\T064_UIPerformance.te
st.js:6
    import { describe, it, expect, beforeEach, vi } from 'vitest';
    ^^^^^^

    SyntaxError: Cannot use import statement outside a module

      at Runtime.createScriptFromCode (node_modules/jest-runtime/build/index.js:
1505:14)

FAIL CODEX--/frontend/tests/unit/T209_AllVueComponents.test.js
  ??Test suite failed to run

    Jest encountered an unexpected token

    Jest failed to parse a file. This happens e.g. when your code or its depende
ncies use non-standard JavaScript syntax, or when Jest is not configured to supp
ort such syntax.

    Out of the box Jest supports Babel, which will be used to transform your fil
es into valid JS based on your Babel configuration.

    By default "node_modules" folder is ignored by transformers.

    Here's what you can do:
     ??If you are trying to use ECMAScript Modules, see https://jestjs.io/docs/e
cmascript-modules for how to enable it.
     ??If you are trying to use TypeScript, see https://jestjs.io/docs/getting-s
tarted#using-typescript
     ??To have some of your "node_modules" files transformed, you can specify a 
custom "transformIgnorePatterns" in your config.
     ??If you need a custom transformation specify a "transform" option in your 
config.
     ??If you simply want to mock your non-JS modules (e.g. binary assets) you c
an stub them out with the "moduleNameMapper" config option.

    You'll find more details and examples of these config options in the docs:
    https://jestjs.io/docs/configuration
    For information about custom transformations, see:
    https://jestjs.io/docs/code-transformation

    Details:

    C:\Users\Penguin8n\CODEX--\CODEX--\frontend\tests\unit\T209_AllVueComponents
.test.js:6
    import { describe, it, expect, beforeEach, vi } from 'vitest';
    ^^^^^^

    SyntaxError: Cannot use import statement outside a module

      at Runtime.createScriptFromCode (node_modules/jest-runtime/build/index.js:
1505:14)

FAIL CODEX--/frontend/tests/unit/T061_DashboardRender.test.js
  ??Test suite failed to run

    Jest encountered an unexpected token

    Jest failed to parse a file. This happens e.g. when your code or its depende
ncies use non-standard JavaScript syntax, or when Jest is not configured to supp
ort such syntax.

    Out of the box Jest supports Babel, which will be used to transform your fil
es into valid JS based on your Babel configuration.

    By default "node_modules" folder is ignored by transformers.

    Here's what you can do:
     ??If you are trying to use ECMAScript Modules, see https://jestjs.io/docs/e
cmascript-modules for how to enable it.
     ??If you are trying to use TypeScript, see https://jestjs.io/docs/getting-s
tarted#using-typescript
     ??To have some of your "node_modules" files transformed, you can specify a 
custom "transformIgnorePatterns" in your config.
     ??If you need a custom transformation specify a "transform" option in your 
config.
     ??If you simply want to mock your non-JS modules (e.g. binary assets) you c
an stub them out with the "moduleNameMapper" config option.

    You'll find more details and examples of these config options in the docs:
    https://jestjs.io/docs/configuration
    For information about custom transformations, see:
    https://jestjs.io/docs/code-transformation

    Details:

    C:\Users\Penguin8n\CODEX--\CODEX--\frontend\tests\unit\T061_DashboardRender.
test.js:6
    import { describe, it, expect, beforeEach, vi } from 'vitest';
    ^^^^^^

    SyntaxError: Cannot use import statement outside a module

      at Runtime.createScriptFromCode (node_modules/jest-runtime/build/index.js:
1505:14)

FAIL CODEX--/frontend/tests/unit/T212_LayoutEditor.test.js
  ??Test suite failed to run

    Jest encountered an unexpected token

    Jest failed to parse a file. This happens e.g. when your code or its depende
ncies use non-standard JavaScript syntax, or when Jest is not configured to supp
ort such syntax.

    Out of the box Jest supports Babel, which will be used to transform your fil
es into valid JS based on your Babel configuration.

    By default "node_modules" folder is ignored by transformers.

    Here's what you can do:
     ??If you are trying to use ECMAScript Modules, see https://jestjs.io/docs/e
cmascript-modules for how to enable it.
     ??If you are trying to use TypeScript, see https://jestjs.io/docs/getting-s
tarted#using-typescript
     ??To have some of your "node_modules" files transformed, you can specify a 
custom "transformIgnorePatterns" in your config.
     ??If you need a custom transformation specify a "transform" option in your 
config.
     ??If you simply want to mock your non-JS modules (e.g. binary assets) you c
an stub them out with the "moduleNameMapper" config option.

    You'll find more details and examples of these config options in the docs:
    https://jestjs.io/docs/configuration
    For information about custom transformations, see:
    https://jestjs.io/docs/code-transformation

    Details:

    C:\Users\Penguin8n\CODEX--\CODEX--\frontend\tests\unit\T212_LayoutEditor.tes
t.js:6
    import { describe, it, expect, beforeEach, vi, afterEach } from 'vitest';
    ^^^^^^

    SyntaxError: Cannot use import statement outside a module

      at Runtime.createScriptFromCode (node_modules/jest-runtime/build/index.js:
1505:14)

FAIL CODEX--/frontend/tests/unit/T062_ChartInteraction.test.js
  ??Test suite failed to run

    Jest encountered an unexpected token

    Jest failed to parse a file. This happens e.g. when your code or its depende
ncies use non-standard JavaScript syntax, or when Jest is not configured to supp
ort such syntax.

    Out of the box Jest supports Babel, which will be used to transform your fil
es into valid JS based on your Babel configuration.

    By default "node_modules" folder is ignored by transformers.

    Here's what you can do:
     ??If you are trying to use ECMAScript Modules, see https://jestjs.io/docs/e
cmascript-modules for how to enable it.
     ??If you are trying to use TypeScript, see https://jestjs.io/docs/getting-s
tarted#using-typescript
     ??To have some of your "node_modules" files transformed, you can specify a 
custom "transformIgnorePatterns" in your config.
     ??If you need a custom transformation specify a "transform" option in your 
config.
     ??If you simply want to mock your non-JS modules (e.g. binary assets) you c
an stub them out with the "moduleNameMapper" config option.

    You'll find more details and examples of these config options in the docs:
    https://jestjs.io/docs/configuration
    For information about custom transformations, see:
    https://jestjs.io/docs/code-transformation

    Details:

    C:\Users\Penguin8n\CODEX--\CODEX--\frontend\tests\unit\T062_ChartInteraction
.test.js:6
    import { describe, it, expect, beforeEach, vi } from 'vitest';
    ^^^^^^

    SyntaxError: Cannot use import statement outside a module

      at Runtime.createScriptFromCode (node_modules/jest-runtime/build/index.js:
1505:14)

FAIL CODEX--/frontend/tests/unit/T210_ChartComponents.test.js
  ??Test suite failed to run

    Jest encountered an unexpected token

    Jest failed to parse a file. This happens e.g. when your code or its depende
ncies use non-standard JavaScript syntax, or when Jest is not configured to supp
ort such syntax.

    Out of the box Jest supports Babel, which will be used to transform your fil
es into valid JS based on your Babel configuration.

    By default "node_modules" folder is ignored by transformers.

    Here's what you can do:
     ??If you are trying to use ECMAScript Modules, see https://jestjs.io/docs/e
cmascript-modules for how to enable it.
     ??If you are trying to use TypeScript, see https://jestjs.io/docs/getting-s
tarted#using-typescript
     ??To have some of your "node_modules" files transformed, you can specify a 
custom "transformIgnorePatterns" in your config.
     ??If you need a custom transformation specify a "transform" option in your 
config.
     ??If you simply want to mock your non-JS modules (e.g. binary assets) you c
an stub them out with the "moduleNameMapper" config option.

    You'll find more details and examples of these config options in the docs:
    https://jestjs.io/docs/configuration
    For information about custom transformations, see:
    https://jestjs.io/docs/code-transformation

    Details:

    C:\Users\Penguin8n\CODEX--\CODEX--\frontend\tests\unit\T210_ChartComponents.
test.js:6
    import { describe, it, expect, beforeEach, vi, afterEach } from 'vitest';
    ^^^^^^

    SyntaxError: Cannot use import statement outside a module

      at Runtime.createScriptFromCode (node_modules/jest-runtime/build/index.js:
1505:14)

FAIL CODEX--/frontend/tests/unit/T211_UIComponents.test.js
  ??Test suite failed to run

    Jest encountered an unexpected token

    Jest failed to parse a file. This happens e.g. when your code or its depende
ncies use non-standard JavaScript syntax, or when Jest is not configured to supp
ort such syntax.

    Out of the box Jest supports Babel, which will be used to transform your fil
es into valid JS based on your Babel configuration.

    By default "node_modules" folder is ignored by transformers.

    Here's what you can do:
     ??If you are trying to use ECMAScript Modules, see https://jestjs.io/docs/e
cmascript-modules for how to enable it.
     ??If you are trying to use TypeScript, see https://jestjs.io/docs/getting-s
tarted#using-typescript
     ??To have some of your "node_modules" files transformed, you can specify a 
custom "transformIgnorePatterns" in your config.
     ??If you need a custom transformation specify a "transform" option in your 
config.
     ??If you simply want to mock your non-JS modules (e.g. binary assets) you c
an stub them out with the "moduleNameMapper" config option.

    You'll find more details and examples of these config options in the docs:
    https://jestjs.io/docs/configuration
    For information about custom transformations, see:
    https://jestjs.io/docs/code-transformation

    Details:

    C:\Users\Penguin8n\CODEX--\CODEX--\frontend\tests\unit\T211_UIComponents.tes
t.js:6
    import { describe, it, expect, beforeEach, vi, afterEach } from 'vitest';
    ^^^^^^

    SyntaxError: Cannot use import statement outside a module

      at Runtime.createScriptFromCode (node_modules/jest-runtime/build/index.js:
1505:14)

FAIL CODEX--/frontend/tests/unit/T213_ResponsiveDesign.test.js
  ??Test suite failed to run

    Jest encountered an unexpected token

    Jest failed to parse a file. This happens e.g. when your code or its depende
ncies use non-standard JavaScript syntax, or when Jest is not configured to supp
ort such syntax.

    Out of the box Jest supports Babel, which will be used to transform your fil
es into valid JS based on your Babel configuration.

    By default "node_modules" folder is ignored by transformers.

    Here's what you can do:
     ??If you are trying to use ECMAScript Modules, see https://jestjs.io/docs/e
cmascript-modules for how to enable it.
     ??If you are trying to use TypeScript, see https://jestjs.io/docs/getting-s
tarted#using-typescript
     ??To have some of your "node_modules" files transformed, you can specify a 
custom "transformIgnorePatterns" in your config.
     ??If you need a custom transformation specify a "transform" option in your 
config.
     ??If you simply want to mock your non-JS modules (e.g. binary assets) you c
an stub them out with the "moduleNameMapper" config option.

    You'll find more details and examples of these config options in the docs:
    https://jestjs.io/docs/configuration
    For information about custom transformations, see:
    https://jestjs.io/docs/code-transformation

    Details:

    C:\Users\Penguin8n\CODEX--\CODEX--\frontend\tests\unit\T213_ResponsiveDesign
.test.js:6
    import { describe, it, expect, beforeEach, vi, afterEach, beforeAll } from '
vitest';
    ^^^^^^

    SyntaxError: Cannot use import statement outside a module

      at Runtime.createScriptFromCode (node_modules/jest-runtime/build/index.js:
1505:14)

Test Suites: 9 failed, 9 total
Tests:       0 total
Snapshots:   0 total
Time:        1.344 s
Ran all test suites matching /tests\\unit/i.
